Archive member included to satisfy reference by file (symbol)

c:/program files (x86)/atmel/studio/7.0/toolchain/arm/arm-gnu-toolchain/bin/../lib/gcc/arm-none-eabi/6.3.1/../../../../arm-none-eabi/lib/thumb/v6-m\libc.a(lib_a-exit.o)
                              c:/program files (x86)/atmel/studio/7.0/toolchain/arm/arm-gnu-toolchain/bin/../lib/gcc/arm-none-eabi/6.3.1/../../../../arm-none-eabi/lib/thumb/v6-m/crt0.o (exit)
c:/program files (x86)/atmel/studio/7.0/toolchain/arm/arm-gnu-toolchain/bin/../lib/gcc/arm-none-eabi/6.3.1/../../../../arm-none-eabi/lib/thumb/v6-m\libc.a(lib_a-impure.o)
                              c:/program files (x86)/atmel/studio/7.0/toolchain/arm/arm-gnu-toolchain/bin/../lib/gcc/arm-none-eabi/6.3.1/../../../../arm-none-eabi/lib/thumb/v6-m\libc.a(lib_a-exit.o) (_global_impure_ptr)
c:/program files (x86)/atmel/studio/7.0/toolchain/arm/arm-gnu-toolchain/bin/../lib/gcc/arm-none-eabi/6.3.1/../../../../arm-none-eabi/lib/thumb/v6-m\libc.a(lib_a-init.o)
                              c:/program files (x86)/atmel/studio/7.0/toolchain/arm/arm-gnu-toolchain/bin/../lib/gcc/arm-none-eabi/6.3.1/../../../../arm-none-eabi/lib/thumb/v6-m/crt0.o (__libc_init_array)
c:/program files (x86)/atmel/studio/7.0/toolchain/arm/arm-gnu-toolchain/bin/../lib/gcc/arm-none-eabi/6.3.1/../../../../arm-none-eabi/lib/thumb/v6-m\libc.a(lib_a-memset.o)
                              c:/program files (x86)/atmel/studio/7.0/toolchain/arm/arm-gnu-toolchain/bin/../lib/gcc/arm-none-eabi/6.3.1/../../../../arm-none-eabi/lib/thumb/v6-m/crt0.o (memset)
c:/program files (x86)/atmel/studio/7.0/toolchain/arm/arm-gnu-toolchain/bin/../lib/gcc/arm-none-eabi/6.3.1/../../../../arm-none-eabi/lib/thumb/v6-m\libc.a(lib_a-__call_atexit.o)
                              c:/program files (x86)/atmel/studio/7.0/toolchain/arm/arm-gnu-toolchain/bin/../lib/gcc/arm-none-eabi/6.3.1/../../../../arm-none-eabi/lib/thumb/v6-m\libc.a(lib_a-exit.o) (__call_exitprocs)
c:/program files (x86)/atmel/studio/7.0/toolchain/arm/arm-gnu-toolchain/bin/../lib/gcc/arm-none-eabi/6.3.1/../../../../arm-none-eabi/lib/thumb/v6-m\libc.a(lib_a-atexit.o)
                              c:/program files (x86)/atmel/studio/7.0/toolchain/arm/arm-gnu-toolchain/bin/../lib/gcc/arm-none-eabi/6.3.1/../../../../arm-none-eabi/lib/thumb/v6-m\libc.a(lib_a-__call_atexit.o) (atexit)
c:/program files (x86)/atmel/studio/7.0/toolchain/arm/arm-gnu-toolchain/bin/../lib/gcc/arm-none-eabi/6.3.1/../../../../arm-none-eabi/lib/thumb/v6-m\libc.a(lib_a-fini.o)
                              c:/program files (x86)/atmel/studio/7.0/toolchain/arm/arm-gnu-toolchain/bin/../lib/gcc/arm-none-eabi/6.3.1/../../../../arm-none-eabi/lib/thumb/v6-m\libc.a(lib_a-__call_atexit.o) (__libc_fini_array)
c:/program files (x86)/atmel/studio/7.0/toolchain/arm/arm-gnu-toolchain/bin/../lib/gcc/arm-none-eabi/6.3.1/../../../../arm-none-eabi/lib/thumb/v6-m\libc.a(lib_a-lock.o)
                              c:/program files (x86)/atmel/studio/7.0/toolchain/arm/arm-gnu-toolchain/bin/../lib/gcc/arm-none-eabi/6.3.1/../../../../arm-none-eabi/lib/thumb/v6-m\libc.a(lib_a-__call_atexit.o) (__retarget_lock_acquire_recursive)
c:/program files (x86)/atmel/studio/7.0/toolchain/arm/arm-gnu-toolchain/bin/../lib/gcc/arm-none-eabi/6.3.1/../../../../arm-none-eabi/lib/thumb/v6-m\libc.a(lib_a-__atexit.o)
                              c:/program files (x86)/atmel/studio/7.0/toolchain/arm/arm-gnu-toolchain/bin/../lib/gcc/arm-none-eabi/6.3.1/../../../../arm-none-eabi/lib/thumb/v6-m\libc.a(lib_a-atexit.o) (__register_exitproc)

Allocating common symbols
Common symbol       size              file

__lock___atexit_recursive_mutex
                    0x1               c:/program files (x86)/atmel/studio/7.0/toolchain/arm/arm-gnu-toolchain/bin/../lib/gcc/arm-none-eabi/6.3.1/../../../../arm-none-eabi/lib/thumb/v6-m\libc.a(lib_a-lock.o)
__lock___arc4random_mutex
                    0x1               c:/program files (x86)/atmel/studio/7.0/toolchain/arm/arm-gnu-toolchain/bin/../lib/gcc/arm-none-eabi/6.3.1/../../../../arm-none-eabi/lib/thumb/v6-m\libc.a(lib_a-lock.o)
__lock___env_recursive_mutex
                    0x1               c:/program files (x86)/atmel/studio/7.0/toolchain/arm/arm-gnu-toolchain/bin/../lib/gcc/arm-none-eabi/6.3.1/../../../../arm-none-eabi/lib/thumb/v6-m\libc.a(lib_a-lock.o)
__lock___sinit_recursive_mutex
                    0x1               c:/program files (x86)/atmel/studio/7.0/toolchain/arm/arm-gnu-toolchain/bin/../lib/gcc/arm-none-eabi/6.3.1/../../../../arm-none-eabi/lib/thumb/v6-m\libc.a(lib_a-lock.o)
__lock___malloc_recursive_mutex
                    0x1               c:/program files (x86)/atmel/studio/7.0/toolchain/arm/arm-gnu-toolchain/bin/../lib/gcc/arm-none-eabi/6.3.1/../../../../arm-none-eabi/lib/thumb/v6-m\libc.a(lib_a-lock.o)
__lock___at_quick_exit_mutex
                    0x1               c:/program files (x86)/atmel/studio/7.0/toolchain/arm/arm-gnu-toolchain/bin/../lib/gcc/arm-none-eabi/6.3.1/../../../../arm-none-eabi/lib/thumb/v6-m\libc.a(lib_a-lock.o)
__lock___dd_hash_mutex
                    0x1               c:/program files (x86)/atmel/studio/7.0/toolchain/arm/arm-gnu-toolchain/bin/../lib/gcc/arm-none-eabi/6.3.1/../../../../arm-none-eabi/lib/thumb/v6-m\libc.a(lib_a-lock.o)
__lock___tz_mutex   0x1               c:/program files (x86)/atmel/studio/7.0/toolchain/arm/arm-gnu-toolchain/bin/../lib/gcc/arm-none-eabi/6.3.1/../../../../arm-none-eabi/lib/thumb/v6-m\libc.a(lib_a-lock.o)
__lock___sfp_recursive_mutex
                    0x1               c:/program files (x86)/atmel/studio/7.0/toolchain/arm/arm-gnu-toolchain/bin/../lib/gcc/arm-none-eabi/6.3.1/../../../../arm-none-eabi/lib/thumb/v6-m\libc.a(lib_a-lock.o)

Discarded input sections

 .text          0x00000000        0x0 c:/program files (x86)/atmel/studio/7.0/toolchain/arm/arm-gnu-toolchain/bin/../lib/gcc/arm-none-eabi/6.3.1/thumb/v6-m/crti.o
 .data          0x00000000        0x0 c:/program files (x86)/atmel/studio/7.0/toolchain/arm/arm-gnu-toolchain/bin/../lib/gcc/arm-none-eabi/6.3.1/thumb/v6-m/crti.o
 .bss           0x00000000        0x0 c:/program files (x86)/atmel/studio/7.0/toolchain/arm/arm-gnu-toolchain/bin/../lib/gcc/arm-none-eabi/6.3.1/thumb/v6-m/crti.o
 .data          0x00000000        0x4 c:/program files (x86)/atmel/studio/7.0/toolchain/arm/arm-gnu-toolchain/bin/../lib/gcc/arm-none-eabi/6.3.1/thumb/v6-m/crtbegin.o
 .text          0x00000000       0x78 c:/program files (x86)/atmel/studio/7.0/toolchain/arm/arm-gnu-toolchain/bin/../lib/gcc/arm-none-eabi/6.3.1/../../../../arm-none-eabi/lib/thumb/v6-m/crt0.o
 .data          0x00000000        0x0 c:/program files (x86)/atmel/studio/7.0/toolchain/arm/arm-gnu-toolchain/bin/../lib/gcc/arm-none-eabi/6.3.1/../../../../arm-none-eabi/lib/thumb/v6-m/crt0.o
 .bss           0x00000000        0x0 c:/program files (x86)/atmel/studio/7.0/toolchain/arm/arm-gnu-toolchain/bin/../lib/gcc/arm-none-eabi/6.3.1/../../../../arm-none-eabi/lib/thumb/v6-m/crt0.o
 .ARM.extab     0x00000000        0x0 c:/program files (x86)/atmel/studio/7.0/toolchain/arm/arm-gnu-toolchain/bin/../lib/gcc/arm-none-eabi/6.3.1/../../../../arm-none-eabi/lib/thumb/v6-m/crt0.o
 .ARM.exidx     0x00000000        0x8 c:/program files (x86)/atmel/studio/7.0/toolchain/arm/arm-gnu-toolchain/bin/../lib/gcc/arm-none-eabi/6.3.1/../../../../arm-none-eabi/lib/thumb/v6-m/crt0.o
 .ARM.attributes
                0x00000000       0x1b c:/program files (x86)/atmel/studio/7.0/toolchain/arm/arm-gnu-toolchain/bin/../lib/gcc/arm-none-eabi/6.3.1/../../../../arm-none-eabi/lib/thumb/v6-m/crt0.o
 .group         0x00000000        0x8 button.o
 .group         0x00000000        0x8 button.o
 .group         0x00000000        0x8 button.o
 .group         0x00000000        0x8 button.o
 .group         0x00000000        0x8 button.o
 .group         0x00000000        0x8 button.o
 .group         0x00000000        0x8 button.o
 .group         0x00000000        0x8 button.o
 .text          0x00000000        0x0 button.o
 .data          0x00000000        0x0 button.o
 .bss           0x00000000        0x0 button.o
 .text.btnInterruptHandler
                0x00000000       0x24 button.o
 .group         0x00000000        0x8 Device_Startup/startup_saml22.o
 .group         0x00000000        0x8 Device_Startup/startup_saml22.o
 .group         0x00000000        0x8 Device_Startup/startup_saml22.o
 .group         0x00000000        0x8 Device_Startup/startup_saml22.o
 .group         0x00000000        0x8 Device_Startup/startup_saml22.o
 .group         0x00000000        0x8 Device_Startup/startup_saml22.o
 .group         0x00000000        0x8 Device_Startup/startup_saml22.o
 .group         0x00000000        0x8 Device_Startup/startup_saml22.o
 .group         0x00000000        0x8 Device_Startup/startup_saml22.o
 .group         0x00000000        0x8 Device_Startup/startup_saml22.o
 .group         0x00000000        0x8 Device_Startup/startup_saml22.o
 .group         0x00000000        0x8 Device_Startup/startup_saml22.o
 .group         0x00000000        0x8 Device_Startup/startup_saml22.o
 .group         0x00000000        0x8 Device_Startup/startup_saml22.o
 .group         0x00000000        0x8 Device_Startup/startup_saml22.o
 .group         0x00000000        0x8 Device_Startup/startup_saml22.o
 .group         0x00000000        0x8 Device_Startup/startup_saml22.o
 .group         0x00000000        0x8 Device_Startup/startup_saml22.o
 .group         0x00000000        0x8 Device_Startup/startup_saml22.o
 .group         0x00000000        0x8 Device_Startup/startup_saml22.o
 .group         0x00000000        0x8 Device_Startup/startup_saml22.o
 .group         0x00000000        0x8 Device_Startup/startup_saml22.o
 .group         0x00000000        0x8 Device_Startup/startup_saml22.o
 .group         0x00000000        0x8 Device_Startup/startup_saml22.o
 .group         0x00000000        0x8 Device_Startup/startup_saml22.o
 .group         0x00000000        0x8 Device_Startup/startup_saml22.o
 .group         0x00000000        0x8 Device_Startup/startup_saml22.o
 .group         0x00000000        0x8 Device_Startup/startup_saml22.o
 .group         0x00000000        0x8 Device_Startup/startup_saml22.o
 .group         0x00000000        0x8 Device_Startup/startup_saml22.o
 .group         0x00000000        0x8 Device_Startup/startup_saml22.o
 .group         0x00000000        0x8 Device_Startup/startup_saml22.o
 .group         0x00000000        0x8 Device_Startup/startup_saml22.o
 .group         0x00000000        0x8 Device_Startup/startup_saml22.o
 .group         0x00000000        0x8 Device_Startup/startup_saml22.o
 .group         0x00000000        0x8 Device_Startup/startup_saml22.o
 .group         0x00000000        0x8 Device_Startup/startup_saml22.o
 .group         0x00000000        0x8 Device_Startup/startup_saml22.o
 .group         0x00000000        0x8 Device_Startup/startup_saml22.o
 .group         0x00000000        0x8 Device_Startup/startup_saml22.o
 .group         0x00000000        0x8 Device_Startup/startup_saml22.o
 .group         0x00000000        0x8 Device_Startup/startup_saml22.o
 .group         0x00000000        0x8 Device_Startup/startup_saml22.o
 .group         0x00000000        0x8 Device_Startup/startup_saml22.o
 .group         0x00000000        0x8 Device_Startup/startup_saml22.o
 .group         0x00000000        0x8 Device_Startup/startup_saml22.o
 .group         0x00000000        0x8 Device_Startup/startup_saml22.o
 .group         0x00000000        0x8 Device_Startup/startup_saml22.o
 .group         0x00000000        0x8 Device_Startup/startup_saml22.o
 .group         0x00000000        0x8 Device_Startup/startup_saml22.o
 .group         0x00000000        0x8 Device_Startup/startup_saml22.o
 .group         0x00000000        0x8 Device_Startup/startup_saml22.o
 .group         0x00000000        0x8 Device_Startup/startup_saml22.o
 .group         0x00000000        0x8 Device_Startup/startup_saml22.o
 .group         0x00000000        0x8 Device_Startup/startup_saml22.o
 .group         0x00000000        0x8 Device_Startup/startup_saml22.o
 .group         0x00000000        0x8 Device_Startup/startup_saml22.o
 .group         0x00000000        0x8 Device_Startup/startup_saml22.o
 .group         0x00000000        0x8 Device_Startup/startup_saml22.o
 .group         0x00000000        0x8 Device_Startup/startup_saml22.o
 .group         0x00000000        0x8 Device_Startup/startup_saml22.o
 .group         0x00000000        0x8 Device_Startup/startup_saml22.o
 .group         0x00000000        0x8 Device_Startup/startup_saml22.o
 .group         0x00000000        0x8 Device_Startup/startup_saml22.o
 .group         0x00000000        0x8 Device_Startup/startup_saml22.o
 .group         0x00000000        0x8 Device_Startup/startup_saml22.o
 .group         0x00000000        0x8 Device_Startup/startup_saml22.o
 .group         0x00000000        0x8 Device_Startup/startup_saml22.o
 .group         0x00000000        0x8 Device_Startup/startup_saml22.o
 .group         0x00000000        0x8 Device_Startup/startup_saml22.o
 .group         0x00000000        0x8 Device_Startup/startup_saml22.o
 .group         0x00000000        0x8 Device_Startup/startup_saml22.o
 .group         0x00000000        0x8 Device_Startup/startup_saml22.o
 .group         0x00000000        0x8 Device_Startup/startup_saml22.o
 .group         0x00000000        0x8 Device_Startup/startup_saml22.o
 .group         0x00000000        0x8 Device_Startup/startup_saml22.o
 .group         0x00000000        0x8 Device_Startup/startup_saml22.o
 .group         0x00000000        0x8 Device_Startup/startup_saml22.o
 .text          0x00000000        0x0 Device_Startup/startup_saml22.o
 .data          0x00000000        0x0 Device_Startup/startup_saml22.o
 .bss           0x00000000        0x0 Device_Startup/startup_saml22.o
 .debug_macro   0x00000000      0x89e Device_Startup/startup_saml22.o
 .debug_macro   0x00000000       0x22 Device_Startup/startup_saml22.o
 .debug_macro   0x00000000       0x87 Device_Startup/startup_saml22.o
 .debug_macro   0x00000000       0x51 Device_Startup/startup_saml22.o
 .debug_macro   0x00000000       0xef Device_Startup/startup_saml22.o
 .debug_macro   0x00000000       0x6a Device_Startup/startup_saml22.o
 .debug_macro   0x00000000      0x1df Device_Startup/startup_saml22.o
 .group         0x00000000        0x8 Device_Startup/system_saml22.o
 .group         0x00000000        0x8 Device_Startup/system_saml22.o
 .group         0x00000000        0x8 Device_Startup/system_saml22.o
 .group         0x00000000        0x8 Device_Startup/system_saml22.o
 .group         0x00000000        0x8 Device_Startup/system_saml22.o
 .group         0x00000000        0x8 Device_Startup/system_saml22.o
 .group         0x00000000        0x8 Device_Startup/system_saml22.o
 .group         0x00000000        0x8 Device_Startup/system_saml22.o
 .group         0x00000000        0x8 Device_Startup/system_saml22.o
 .group         0x00000000        0x8 Device_Startup/system_saml22.o
 .group         0x00000000        0x8 Device_Startup/system_saml22.o
 .group         0x00000000        0x8 Device_Startup/system_saml22.o
 .group         0x00000000        0x8 Device_Startup/system_saml22.o
 .group         0x00000000        0x8 Device_Startup/system_saml22.o
 .group         0x00000000        0x8 Device_Startup/system_saml22.o
 .group         0x00000000        0x8 Device_Startup/system_saml22.o
 .group         0x00000000        0x8 Device_Startup/system_saml22.o
 .group         0x00000000        0x8 Device_Startup/system_saml22.o
 .group         0x00000000        0x8 Device_Startup/system_saml22.o
 .group         0x00000000        0x8 Device_Startup/system_saml22.o
 .group         0x00000000        0x8 Device_Startup/system_saml22.o
 .group         0x00000000        0x8 Device_Startup/system_saml22.o
 .group         0x00000000        0x8 Device_Startup/system_saml22.o
 .group         0x00000000        0x8 Device_Startup/system_saml22.o
 .group         0x00000000        0x8 Device_Startup/system_saml22.o
 .group         0x00000000        0x8 Device_Startup/system_saml22.o
 .group         0x00000000        0x8 Device_Startup/system_saml22.o
 .group         0x00000000        0x8 Device_Startup/system_saml22.o
 .group         0x00000000        0x8 Device_Startup/system_saml22.o
 .group         0x00000000        0x8 Device_Startup/system_saml22.o
 .group         0x00000000        0x8 Device_Startup/system_saml22.o
 .group         0x00000000        0x8 Device_Startup/system_saml22.o
 .group         0x00000000        0x8 Device_Startup/system_saml22.o
 .group         0x00000000        0x8 Device_Startup/system_saml22.o
 .group         0x00000000        0x8 Device_Startup/system_saml22.o
 .group         0x00000000        0x8 Device_Startup/system_saml22.o
 .group         0x00000000        0x8 Device_Startup/system_saml22.o
 .group         0x00000000        0x8 Device_Startup/system_saml22.o
 .group         0x00000000        0x8 Device_Startup/system_saml22.o
 .group         0x00000000        0x8 Device_Startup/system_saml22.o
 .group         0x00000000        0x8 Device_Startup/system_saml22.o
 .group         0x00000000        0x8 Device_Startup/system_saml22.o
 .group         0x00000000        0x8 Device_Startup/system_saml22.o
 .group         0x00000000        0x8 Device_Startup/system_saml22.o
 .group         0x00000000        0x8 Device_Startup/system_saml22.o
 .group         0x00000000        0x8 Device_Startup/system_saml22.o
 .group         0x00000000        0x8 Device_Startup/system_saml22.o
 .group         0x00000000        0x8 Device_Startup/system_saml22.o
 .group         0x00000000        0x8 Device_Startup/system_saml22.o
 .group         0x00000000        0x8 Device_Startup/system_saml22.o
 .group         0x00000000        0x8 Device_Startup/system_saml22.o
 .group         0x00000000        0x8 Device_Startup/system_saml22.o
 .group         0x00000000        0x8 Device_Startup/system_saml22.o
 .group         0x00000000        0x8 Device_Startup/system_saml22.o
 .group         0x00000000        0x8 Device_Startup/system_saml22.o
 .group         0x00000000        0x8 Device_Startup/system_saml22.o
 .group         0x00000000        0x8 Device_Startup/system_saml22.o
 .group         0x00000000        0x8 Device_Startup/system_saml22.o
 .group         0x00000000        0x8 Device_Startup/system_saml22.o
 .group         0x00000000        0x8 Device_Startup/system_saml22.o
 .group         0x00000000        0x8 Device_Startup/system_saml22.o
 .group         0x00000000        0x8 Device_Startup/system_saml22.o
 .group         0x00000000        0x8 Device_Startup/system_saml22.o
 .group         0x00000000        0x8 Device_Startup/system_saml22.o
 .group         0x00000000        0x8 Device_Startup/system_saml22.o
 .group         0x00000000        0x8 Device_Startup/system_saml22.o
 .group         0x00000000        0x8 Device_Startup/system_saml22.o
 .group         0x00000000        0x8 Device_Startup/system_saml22.o
 .group         0x00000000        0x8 Device_Startup/system_saml22.o
 .group         0x00000000        0x8 Device_Startup/system_saml22.o
 .group         0x00000000        0x8 Device_Startup/system_saml22.o
 .group         0x00000000        0x8 Device_Startup/system_saml22.o
 .group         0x00000000        0x8 Device_Startup/system_saml22.o
 .group         0x00000000        0x8 Device_Startup/system_saml22.o
 .group         0x00000000        0x8 Device_Startup/system_saml22.o
 .group         0x00000000        0x8 Device_Startup/system_saml22.o
 .group         0x00000000        0x8 Device_Startup/system_saml22.o
 .group         0x00000000        0x8 Device_Startup/system_saml22.o
 .text          0x00000000        0x0 Device_Startup/system_saml22.o
 .bss           0x00000000        0x0 Device_Startup/system_saml22.o
 .text.SystemCoreClockUpdate
                0x00000000       0x10 Device_Startup/system_saml22.o
 .debug_macro   0x00000000      0x89e Device_Startup/system_saml22.o
 .debug_macro   0x00000000       0x22 Device_Startup/system_saml22.o
 .debug_macro   0x00000000       0x87 Device_Startup/system_saml22.o
 .debug_macro   0x00000000       0x51 Device_Startup/system_saml22.o
 .debug_macro   0x00000000       0xef Device_Startup/system_saml22.o
 .debug_macro   0x00000000       0x6a Device_Startup/system_saml22.o
 .debug_macro   0x00000000      0x1df Device_Startup/system_saml22.o
 .debug_macro   0x00000000       0x40 Device_Startup/system_saml22.o
 .debug_macro   0x00000000       0x28 Device_Startup/system_saml22.o
 .debug_macro   0x00000000       0x85 Device_Startup/system_saml22.o
 .debug_macro   0x00000000      0x49b Device_Startup/system_saml22.o
 .debug_macro   0x00000000      0x714 Device_Startup/system_saml22.o
 .debug_macro   0x00000000      0x959 Device_Startup/system_saml22.o
 .debug_macro   0x00000000      0x279 Device_Startup/system_saml22.o
 .debug_macro   0x00000000      0x21e Device_Startup/system_saml22.o
 .debug_macro   0x00000000      0xe12 Device_Startup/system_saml22.o
 .debug_macro   0x00000000      0x5e7 Device_Startup/system_saml22.o
 .debug_macro   0x00000000      0x5be Device_Startup/system_saml22.o
 .debug_macro   0x00000000      0x624 Device_Startup/system_saml22.o
 .debug_macro   0x00000000      0x172 Device_Startup/system_saml22.o
 .debug_macro   0x00000000      0x26b Device_Startup/system_saml22.o
 .debug_macro   0x00000000      0x459 Device_Startup/system_saml22.o
 .debug_macro   0x00000000      0x21c Device_Startup/system_saml22.o
 .debug_macro   0x00000000      0x768 Device_Startup/system_saml22.o
 .debug_macro   0x00000000      0x7c0 Device_Startup/system_saml22.o
 .debug_macro   0x00000000      0x28e Device_Startup/system_saml22.o
 .debug_macro   0x00000000      0x5d7 Device_Startup/system_saml22.o
 .debug_macro   0x00000000      0x1c6 Device_Startup/system_saml22.o
 .debug_macro   0x00000000      0x308 Device_Startup/system_saml22.o
 .debug_macro   0x00000000       0xac Device_Startup/system_saml22.o
 .debug_macro   0x00000000     0x1c53 Device_Startup/system_saml22.o
 .debug_macro   0x00000000      0xff5 Device_Startup/system_saml22.o
 .debug_macro   0x00000000      0xd41 Device_Startup/system_saml22.o
 .debug_macro   0x00000000      0x874 Device_Startup/system_saml22.o
 .debug_macro   0x00000000      0x8ae Device_Startup/system_saml22.o
 .debug_macro   0x00000000     0x19be Device_Startup/system_saml22.o
 .debug_macro   0x00000000       0xe7 Device_Startup/system_saml22.o
 .debug_macro   0x00000000      0xb7c Device_Startup/system_saml22.o
 .debug_macro   0x00000000      0x36a Device_Startup/system_saml22.o
 .debug_macro   0x00000000       0x7c Device_Startup/system_saml22.o
 .debug_macro   0x00000000       0xac Device_Startup/system_saml22.o
 .debug_macro   0x00000000       0xca Device_Startup/system_saml22.o
 .debug_macro   0x00000000       0x4c Device_Startup/system_saml22.o
 .debug_macro   0x00000000       0xdc Device_Startup/system_saml22.o
 .debug_macro   0x00000000       0xb2 Device_Startup/system_saml22.o
 .debug_macro   0x00000000       0x64 Device_Startup/system_saml22.o
 .debug_macro   0x00000000      0x444 Device_Startup/system_saml22.o
 .debug_macro   0x00000000       0x4c Device_Startup/system_saml22.o
 .debug_macro   0x00000000      0x149 Device_Startup/system_saml22.o
 .debug_macro   0x00000000       0x5e Device_Startup/system_saml22.o
 .debug_macro   0x00000000       0xa0 Device_Startup/system_saml22.o
 .debug_macro   0x00000000       0xc4 Device_Startup/system_saml22.o
 .debug_macro   0x00000000       0xb2 Device_Startup/system_saml22.o
 .debug_macro   0x00000000       0x4c Device_Startup/system_saml22.o
 .debug_macro   0x00000000       0x64 Device_Startup/system_saml22.o
 .debug_macro   0x00000000       0x40 Device_Startup/system_saml22.o
 .debug_macro   0x00000000      0x1da Device_Startup/system_saml22.o
 .debug_macro   0x00000000       0x22 Device_Startup/system_saml22.o
 .debug_macro   0x00000000      0x15e Device_Startup/system_saml22.o
 .debug_macro   0x00000000      0x173 Device_Startup/system_saml22.o
 .debug_macro   0x00000000      0x173 Device_Startup/system_saml22.o
 .debug_macro   0x00000000      0x173 Device_Startup/system_saml22.o
 .debug_macro   0x00000000      0x173 Device_Startup/system_saml22.o
 .debug_macro   0x00000000      0x173 Device_Startup/system_saml22.o
 .debug_macro   0x00000000      0x173 Device_Startup/system_saml22.o
 .debug_macro   0x00000000      0x11e Device_Startup/system_saml22.o
 .debug_macro   0x00000000       0x5e Device_Startup/system_saml22.o
 .debug_macro   0x00000000       0xfa Device_Startup/system_saml22.o
 .debug_macro   0x00000000       0xfa Device_Startup/system_saml22.o
 .debug_macro   0x00000000       0xfa Device_Startup/system_saml22.o
 .debug_macro   0x00000000       0xfa Device_Startup/system_saml22.o
 .debug_macro   0x00000000      0x124 Device_Startup/system_saml22.o
 .debug_macro   0x00000000       0x2e Device_Startup/system_saml22.o
 .debug_macro   0x00000000      0x1fa Device_Startup/system_saml22.o
 .debug_macro   0x00000000       0x3a Device_Startup/system_saml22.o
 .debug_macro   0x00000000      0x402 Device_Startup/system_saml22.o
 .debug_macro   0x00000000     0x30ce Device_Startup/system_saml22.o
 .debug_macro   0x00000000       0x6d Device_Startup/system_saml22.o
 .group         0x00000000        0x8 led.o
 .group         0x00000000        0x8 led.o
 .group         0x00000000        0x8 led.o
 .group         0x00000000        0x8 led.o
 .group         0x00000000        0x8 led.o
 .group         0x00000000        0x8 led.o
 .group         0x00000000        0x8 led.o
 .group         0x00000000        0x8 led.o
 .group         0x00000000        0x8 led.o
 .text          0x00000000        0x0 led.o
 .data          0x00000000        0x4 led.o
 .bss           0x00000000        0x0 led.o
 .text.ledInterruptHandler
                0x00000000        0x2 led.o
 .debug_macro   0x00000000      0x89e led.o
 .debug_macro   0x00000000       0x22 led.o
 .debug_macro   0x00000000       0x87 led.o
 .debug_macro   0x00000000       0x51 led.o
 .debug_macro   0x00000000       0xef led.o
 .debug_macro   0x00000000       0x6a led.o
 .debug_macro   0x00000000      0x1df led.o
 .debug_macro   0x00000000       0x34 led.o
 .group         0x00000000        0x8 main.o
 .group         0x00000000        0x8 main.o
 .group         0x00000000        0x8 main.o
 .group         0x00000000        0x8 main.o
 .group         0x00000000        0x8 main.o
 .group         0x00000000        0x8 main.o
 .group         0x00000000        0x8 main.o
 .group         0x00000000        0x8 main.o
 .group         0x00000000        0x8 main.o
 .group         0x00000000        0x8 main.o
 .group         0x00000000        0x8 main.o
 .group         0x00000000        0x8 main.o
 .group         0x00000000        0x8 main.o
 .group         0x00000000        0x8 main.o
 .group         0x00000000        0x8 main.o
 .group         0x00000000        0x8 main.o
 .group         0x00000000        0x8 main.o
 .group         0x00000000        0x8 main.o
 .group         0x00000000        0x8 main.o
 .group         0x00000000        0x8 main.o
 .group         0x00000000        0x8 main.o
 .group         0x00000000        0x8 main.o
 .group         0x00000000        0x8 main.o
 .group         0x00000000        0x8 main.o
 .group         0x00000000        0x8 main.o
 .group         0x00000000        0x8 main.o
 .group         0x00000000        0x8 main.o
 .group         0x00000000        0x8 main.o
 .group         0x00000000        0x8 main.o
 .group         0x00000000        0x8 main.o
 .group         0x00000000        0x8 main.o
 .group         0x00000000        0x8 main.o
 .group         0x00000000        0x8 main.o
 .group         0x00000000        0x8 main.o
 .group         0x00000000        0x8 main.o
 .group         0x00000000        0x8 main.o
 .group         0x00000000        0x8 main.o
 .group         0x00000000        0x8 main.o
 .group         0x00000000        0x8 main.o
 .group         0x00000000        0x8 main.o
 .group         0x00000000        0x8 main.o
 .group         0x00000000        0x8 main.o
 .group         0x00000000        0x8 main.o
 .group         0x00000000        0x8 main.o
 .group         0x00000000        0x8 main.o
 .group         0x00000000        0x8 main.o
 .group         0x00000000        0x8 main.o
 .group         0x00000000        0x8 main.o
 .group         0x00000000        0x8 main.o
 .group         0x00000000        0x8 main.o
 .group         0x00000000        0x8 main.o
 .group         0x00000000        0x8 main.o
 .group         0x00000000        0x8 main.o
 .group         0x00000000        0x8 main.o
 .group         0x00000000        0x8 main.o
 .group         0x00000000        0x8 main.o
 .group         0x00000000        0x8 main.o
 .group         0x00000000        0x8 main.o
 .group         0x00000000        0x8 main.o
 .group         0x00000000        0x8 main.o
 .group         0x00000000        0x8 main.o
 .group         0x00000000        0x8 main.o
 .group         0x00000000        0x8 main.o
 .group         0x00000000        0x8 main.o
 .group         0x00000000        0x8 main.o
 .group         0x00000000        0x8 main.o
 .group         0x00000000        0x8 main.o
 .group         0x00000000        0x8 main.o
 .group         0x00000000        0x8 main.o
 .group         0x00000000        0x8 main.o
 .group         0x00000000        0x8 main.o
 .group         0x00000000        0x8 main.o
 .group         0x00000000        0x8 main.o
 .group         0x00000000        0x8 main.o
 .group         0x00000000        0x8 main.o
 .group         0x00000000        0x8 main.o
 .group         0x00000000        0x8 main.o
 .group         0x00000000        0x8 main.o
 .group         0x00000000        0x8 main.o
 .group         0x00000000        0x8 main.o
 .text          0x00000000        0x0 main.o
 .data          0x00000000        0x0 main.o
 .bss           0x00000000        0x0 main.o
 .debug_macro   0x00000000      0x89e main.o
 .debug_macro   0x00000000       0x22 main.o
 .debug_macro   0x00000000       0x87 main.o
 .debug_macro   0x00000000       0x51 main.o
 .debug_macro   0x00000000       0xef main.o
 .debug_macro   0x00000000       0x6a main.o
 .debug_macro   0x00000000      0x1df main.o
 .debug_macro   0x00000000       0x40 main.o
 .debug_macro   0x00000000       0x28 main.o
 .debug_macro   0x00000000       0x85 main.o
 .debug_macro   0x00000000      0x49b main.o
 .debug_macro   0x00000000      0x714 main.o
 .debug_macro   0x00000000      0x959 main.o
 .debug_macro   0x00000000      0x279 main.o
 .debug_macro   0x00000000      0x21e main.o
 .debug_macro   0x00000000      0xe12 main.o
 .debug_macro   0x00000000      0x5e7 main.o
 .debug_macro   0x00000000      0x5be main.o
 .debug_macro   0x00000000      0x624 main.o
 .debug_macro   0x00000000      0x172 main.o
 .debug_macro   0x00000000      0x26b main.o
 .debug_macro   0x00000000      0x459 main.o
 .debug_macro   0x00000000      0x21c main.o
 .debug_macro   0x00000000      0x768 main.o
 .debug_macro   0x00000000      0x7c0 main.o
 .debug_macro   0x00000000      0x28e main.o
 .debug_macro   0x00000000      0x5d7 main.o
 .debug_macro   0x00000000      0x1c6 main.o
 .debug_macro   0x00000000      0x308 main.o
 .debug_macro   0x00000000       0xac main.o
 .debug_macro   0x00000000     0x1c53 main.o
 .debug_macro   0x00000000      0xff5 main.o
 .debug_macro   0x00000000      0xd41 main.o
 .debug_macro   0x00000000      0x874 main.o
 .debug_macro   0x00000000      0x8ae main.o
 .debug_macro   0x00000000     0x19be main.o
 .debug_macro   0x00000000       0xe7 main.o
 .debug_macro   0x00000000      0xb7c main.o
 .debug_macro   0x00000000      0x36a main.o
 .debug_macro   0x00000000       0x7c main.o
 .debug_macro   0x00000000       0xac main.o
 .debug_macro   0x00000000       0xca main.o
 .debug_macro   0x00000000       0x4c main.o
 .debug_macro   0x00000000       0xdc main.o
 .debug_macro   0x00000000       0xb2 main.o
 .debug_macro   0x00000000       0x64 main.o
 .debug_macro   0x00000000      0x444 main.o
 .debug_macro   0x00000000       0x4c main.o
 .debug_macro   0x00000000      0x149 main.o
 .debug_macro   0x00000000       0x5e main.o
 .debug_macro   0x00000000       0xa0 main.o
 .debug_macro   0x00000000       0xc4 main.o
 .debug_macro   0x00000000       0xb2 main.o
 .debug_macro   0x00000000       0x4c main.o
 .debug_macro   0x00000000       0x64 main.o
 .debug_macro   0x00000000       0x40 main.o
 .debug_macro   0x00000000      0x1da main.o
 .debug_macro   0x00000000       0x22 main.o
 .debug_macro   0x00000000      0x15e main.o
 .debug_macro   0x00000000      0x173 main.o
 .debug_macro   0x00000000      0x173 main.o
 .debug_macro   0x00000000      0x173 main.o
 .debug_macro   0x00000000      0x173 main.o
 .debug_macro   0x00000000      0x173 main.o
 .debug_macro   0x00000000      0x173 main.o
 .debug_macro   0x00000000      0x11e main.o
 .debug_macro   0x00000000       0x5e main.o
 .debug_macro   0x00000000       0xfa main.o
 .debug_macro   0x00000000       0xfa main.o
 .debug_macro   0x00000000       0xfa main.o
 .debug_macro   0x00000000       0xfa main.o
 .debug_macro   0x00000000      0x124 main.o
 .debug_macro   0x00000000       0x2e main.o
 .debug_macro   0x00000000      0x1fa main.o
 .debug_macro   0x00000000       0x3a main.o
 .debug_macro   0x00000000      0x402 main.o
 .debug_macro   0x00000000     0x30ce main.o
 .debug_macro   0x00000000       0x6d main.o
 .debug_macro   0x00000000       0x10 main.o
 .group         0x00000000        0x8 uart.o
 .group         0x00000000        0x8 uart.o
 .group         0x00000000        0x8 uart.o
 .group         0x00000000        0x8 uart.o
 .group         0x00000000        0x8 uart.o
 .group         0x00000000        0x8 uart.o
 .group         0x00000000        0x8 uart.o
 .group         0x00000000        0x8 uart.o
 .text          0x00000000        0x0 uart.o
 .data          0x00000000        0x0 uart.o
 .bss           0x00000000        0x0 uart.o
 .text.UART_SendString
                0x00000000        0x2 uart.o
 .debug_macro   0x00000000      0x89e uart.o
 .debug_macro   0x00000000       0x22 uart.o
 .debug_macro   0x00000000       0x87 uart.o
 .debug_macro   0x00000000       0x51 uart.o
 .debug_macro   0x00000000       0xef uart.o
 .debug_macro   0x00000000       0x6a uart.o
 .debug_macro   0x00000000      0x1df uart.o
 .debug_macro   0x00000000       0x34 uart.o
 .text          0x00000000        0x0 c:/program files (x86)/atmel/studio/7.0/toolchain/arm/arm-gnu-toolchain/bin/../lib/gcc/arm-none-eabi/6.3.1/../../../../arm-none-eabi/lib/thumb/v6-m\libc.a(lib_a-exit.o)
 .data          0x00000000        0x0 c:/program files (x86)/atmel/studio/7.0/toolchain/arm/arm-gnu-toolchain/bin/../lib/gcc/arm-none-eabi/6.3.1/../../../../arm-none-eabi/lib/thumb/v6-m\libc.a(lib_a-exit.o)
 .bss           0x00000000        0x0 c:/program files (x86)/atmel/studio/7.0/toolchain/arm/arm-gnu-toolchain/bin/../lib/gcc/arm-none-eabi/6.3.1/../../../../arm-none-eabi/lib/thumb/v6-m\libc.a(lib_a-exit.o)
 .text.exit     0x00000000       0x20 c:/program files (x86)/atmel/studio/7.0/toolchain/arm/arm-gnu-toolchain/bin/../lib/gcc/arm-none-eabi/6.3.1/../../../../arm-none-eabi/lib/thumb/v6-m\libc.a(lib_a-exit.o)
 .debug_frame   0x00000000       0x28 c:/program files (x86)/atmel/studio/7.0/toolchain/arm/arm-gnu-toolchain/bin/../lib/gcc/arm-none-eabi/6.3.1/../../../../arm-none-eabi/lib/thumb/v6-m\libc.a(lib_a-exit.o)
 .ARM.attributes
                0x00000000       0x2c c:/program files (x86)/atmel/studio/7.0/toolchain/arm/arm-gnu-toolchain/bin/../lib/gcc/arm-none-eabi/6.3.1/../../../../arm-none-eabi/lib/thumb/v6-m\libc.a(lib_a-exit.o)
 .text          0x00000000        0x0 c:/program files (x86)/atmel/studio/7.0/toolchain/arm/arm-gnu-toolchain/bin/../lib/gcc/arm-none-eabi/6.3.1/../../../../arm-none-eabi/lib/thumb/v6-m\libc.a(lib_a-impure.o)
 .data          0x00000000        0x0 c:/program files (x86)/atmel/studio/7.0/toolchain/arm/arm-gnu-toolchain/bin/../lib/gcc/arm-none-eabi/6.3.1/../../../../arm-none-eabi/lib/thumb/v6-m\libc.a(lib_a-impure.o)
 .bss           0x00000000        0x0 c:/program files (x86)/atmel/studio/7.0/toolchain/arm/arm-gnu-toolchain/bin/../lib/gcc/arm-none-eabi/6.3.1/../../../../arm-none-eabi/lib/thumb/v6-m\libc.a(lib_a-impure.o)
 .data._impure_ptr
                0x00000000        0x4 c:/program files (x86)/atmel/studio/7.0/toolchain/arm/arm-gnu-toolchain/bin/../lib/gcc/arm-none-eabi/6.3.1/../../../../arm-none-eabi/lib/thumb/v6-m\libc.a(lib_a-impure.o)
 .text          0x00000000        0x0 c:/program files (x86)/atmel/studio/7.0/toolchain/arm/arm-gnu-toolchain/bin/../lib/gcc/arm-none-eabi/6.3.1/../../../../arm-none-eabi/lib/thumb/v6-m\libc.a(lib_a-init.o)
 .data          0x00000000        0x0 c:/program files (x86)/atmel/studio/7.0/toolchain/arm/arm-gnu-toolchain/bin/../lib/gcc/arm-none-eabi/6.3.1/../../../../arm-none-eabi/lib/thumb/v6-m\libc.a(lib_a-init.o)
 .bss           0x00000000        0x0 c:/program files (x86)/atmel/studio/7.0/toolchain/arm/arm-gnu-toolchain/bin/../lib/gcc/arm-none-eabi/6.3.1/../../../../arm-none-eabi/lib/thumb/v6-m\libc.a(lib_a-init.o)
 .text          0x00000000        0x0 c:/program files (x86)/atmel/studio/7.0/toolchain/arm/arm-gnu-toolchain/bin/../lib/gcc/arm-none-eabi/6.3.1/../../../../arm-none-eabi/lib/thumb/v6-m\libc.a(lib_a-memset.o)
 .data          0x00000000        0x0 c:/program files (x86)/atmel/studio/7.0/toolchain/arm/arm-gnu-toolchain/bin/../lib/gcc/arm-none-eabi/6.3.1/../../../../arm-none-eabi/lib/thumb/v6-m\libc.a(lib_a-memset.o)
 .bss           0x00000000        0x0 c:/program files (x86)/atmel/studio/7.0/toolchain/arm/arm-gnu-toolchain/bin/../lib/gcc/arm-none-eabi/6.3.1/../../../../arm-none-eabi/lib/thumb/v6-m\libc.a(lib_a-memset.o)
 .text.memset   0x00000000       0x94 c:/program files (x86)/atmel/studio/7.0/toolchain/arm/arm-gnu-toolchain/bin/../lib/gcc/arm-none-eabi/6.3.1/../../../../arm-none-eabi/lib/thumb/v6-m\libc.a(lib_a-memset.o)
 .debug_frame   0x00000000       0x30 c:/program files (x86)/atmel/studio/7.0/toolchain/arm/arm-gnu-toolchain/bin/../lib/gcc/arm-none-eabi/6.3.1/../../../../arm-none-eabi/lib/thumb/v6-m\libc.a(lib_a-memset.o)
 .ARM.attributes
                0x00000000       0x2c c:/program files (x86)/atmel/studio/7.0/toolchain/arm/arm-gnu-toolchain/bin/../lib/gcc/arm-none-eabi/6.3.1/../../../../arm-none-eabi/lib/thumb/v6-m\libc.a(lib_a-memset.o)
 .text          0x00000000        0x0 c:/program files (x86)/atmel/studio/7.0/toolchain/arm/arm-gnu-toolchain/bin/../lib/gcc/arm-none-eabi/6.3.1/../../../../arm-none-eabi/lib/thumb/v6-m\libc.a(lib_a-__call_atexit.o)
 .data          0x00000000        0x0 c:/program files (x86)/atmel/studio/7.0/toolchain/arm/arm-gnu-toolchain/bin/../lib/gcc/arm-none-eabi/6.3.1/../../../../arm-none-eabi/lib/thumb/v6-m\libc.a(lib_a-__call_atexit.o)
 .bss           0x00000000        0x0 c:/program files (x86)/atmel/studio/7.0/toolchain/arm/arm-gnu-toolchain/bin/../lib/gcc/arm-none-eabi/6.3.1/../../../../arm-none-eabi/lib/thumb/v6-m\libc.a(lib_a-__call_atexit.o)
 .text.__call_exitprocs
                0x00000000      0x110 c:/program files (x86)/atmel/studio/7.0/toolchain/arm/arm-gnu-toolchain/bin/../lib/gcc/arm-none-eabi/6.3.1/../../../../arm-none-eabi/lib/thumb/v6-m\libc.a(lib_a-__call_atexit.o)
 .text          0x00000000        0x0 c:/program files (x86)/atmel/studio/7.0/toolchain/arm/arm-gnu-toolchain/bin/../lib/gcc/arm-none-eabi/6.3.1/../../../../arm-none-eabi/lib/thumb/v6-m\libc.a(lib_a-atexit.o)
 .data          0x00000000        0x0 c:/program files (x86)/atmel/studio/7.0/toolchain/arm/arm-gnu-toolchain/bin/../lib/gcc/arm-none-eabi/6.3.1/../../../../arm-none-eabi/lib/thumb/v6-m\libc.a(lib_a-atexit.o)
 .bss           0x00000000        0x0 c:/program files (x86)/atmel/studio/7.0/toolchain/arm/arm-gnu-toolchain/bin/../lib/gcc/arm-none-eabi/6.3.1/../../../../arm-none-eabi/lib/thumb/v6-m\libc.a(lib_a-atexit.o)
 .text          0x00000000        0x0 c:/program files (x86)/atmel/studio/7.0/toolchain/arm/arm-gnu-toolchain/bin/../lib/gcc/arm-none-eabi/6.3.1/../../../../arm-none-eabi/lib/thumb/v6-m\libc.a(lib_a-fini.o)
 .data          0x00000000        0x0 c:/program files (x86)/atmel/studio/7.0/toolchain/arm/arm-gnu-toolchain/bin/../lib/gcc/arm-none-eabi/6.3.1/../../../../arm-none-eabi/lib/thumb/v6-m\libc.a(lib_a-fini.o)
 .bss           0x00000000        0x0 c:/program files (x86)/atmel/studio/7.0/toolchain/arm/arm-gnu-toolchain/bin/../lib/gcc/arm-none-eabi/6.3.1/../../../../arm-none-eabi/lib/thumb/v6-m\libc.a(lib_a-fini.o)
 .text          0x00000000        0x0 c:/program files (x86)/atmel/studio/7.0/toolchain/arm/arm-gnu-toolchain/bin/../lib/gcc/arm-none-eabi/6.3.1/../../../../arm-none-eabi/lib/thumb/v6-m\libc.a(lib_a-lock.o)
 .data          0x00000000        0x0 c:/program files (x86)/atmel/studio/7.0/toolchain/arm/arm-gnu-toolchain/bin/../lib/gcc/arm-none-eabi/6.3.1/../../../../arm-none-eabi/lib/thumb/v6-m\libc.a(lib_a-lock.o)
 .bss           0x00000000        0x0 c:/program files (x86)/atmel/studio/7.0/toolchain/arm/arm-gnu-toolchain/bin/../lib/gcc/arm-none-eabi/6.3.1/../../../../arm-none-eabi/lib/thumb/v6-m\libc.a(lib_a-lock.o)
 .text.__retarget_lock_init
                0x00000000        0x4 c:/program files (x86)/atmel/studio/7.0/toolchain/arm/arm-gnu-toolchain/bin/../lib/gcc/arm-none-eabi/6.3.1/../../../../arm-none-eabi/lib/thumb/v6-m\libc.a(lib_a-lock.o)
 .text.__retarget_lock_init_recursive
                0x00000000        0x4 c:/program files (x86)/atmel/studio/7.0/toolchain/arm/arm-gnu-toolchain/bin/../lib/gcc/arm-none-eabi/6.3.1/../../../../arm-none-eabi/lib/thumb/v6-m\libc.a(lib_a-lock.o)
 .text.__retarget_lock_close
                0x00000000        0x4 c:/program files (x86)/atmel/studio/7.0/toolchain/arm/arm-gnu-toolchain/bin/../lib/gcc/arm-none-eabi/6.3.1/../../../../arm-none-eabi/lib/thumb/v6-m\libc.a(lib_a-lock.o)
 .text.__retarget_lock_close_recursive
                0x00000000        0x4 c:/program files (x86)/atmel/studio/7.0/toolchain/arm/arm-gnu-toolchain/bin/../lib/gcc/arm-none-eabi/6.3.1/../../../../arm-none-eabi/lib/thumb/v6-m\libc.a(lib_a-lock.o)
 .text.__retarget_lock_acquire
                0x00000000        0x4 c:/program files (x86)/atmel/studio/7.0/toolchain/arm/arm-gnu-toolchain/bin/../lib/gcc/arm-none-eabi/6.3.1/../../../../arm-none-eabi/lib/thumb/v6-m\libc.a(lib_a-lock.o)
 .text.__retarget_lock_try_acquire
                0x00000000        0x4 c:/program files (x86)/atmel/studio/7.0/toolchain/arm/arm-gnu-toolchain/bin/../lib/gcc/arm-none-eabi/6.3.1/../../../../arm-none-eabi/lib/thumb/v6-m\libc.a(lib_a-lock.o)
 .text.__retarget_lock_try_acquire_recursive
                0x00000000        0x4 c:/program files (x86)/atmel/studio/7.0/toolchain/arm/arm-gnu-toolchain/bin/../lib/gcc/arm-none-eabi/6.3.1/../../../../arm-none-eabi/lib/thumb/v6-m\libc.a(lib_a-lock.o)
 .text.__retarget_lock_release
                0x00000000        0x4 c:/program files (x86)/atmel/studio/7.0/toolchain/arm/arm-gnu-toolchain/bin/../lib/gcc/arm-none-eabi/6.3.1/../../../../arm-none-eabi/lib/thumb/v6-m\libc.a(lib_a-lock.o)
 .text          0x00000000        0x0 c:/program files (x86)/atmel/studio/7.0/toolchain/arm/arm-gnu-toolchain/bin/../lib/gcc/arm-none-eabi/6.3.1/../../../../arm-none-eabi/lib/thumb/v6-m\libc.a(lib_a-__atexit.o)
 .data          0x00000000        0x0 c:/program files (x86)/atmel/studio/7.0/toolchain/arm/arm-gnu-toolchain/bin/../lib/gcc/arm-none-eabi/6.3.1/../../../../arm-none-eabi/lib/thumb/v6-m\libc.a(lib_a-__atexit.o)
 .bss           0x00000000        0x0 c:/program files (x86)/atmel/studio/7.0/toolchain/arm/arm-gnu-toolchain/bin/../lib/gcc/arm-none-eabi/6.3.1/../../../../arm-none-eabi/lib/thumb/v6-m\libc.a(lib_a-__atexit.o)
 .text          0x00000000        0x0 c:/program files (x86)/atmel/studio/7.0/toolchain/arm/arm-gnu-toolchain/bin/../lib/gcc/arm-none-eabi/6.3.1/thumb/v6-m/crtend.o
 .data          0x00000000        0x0 c:/program files (x86)/atmel/studio/7.0/toolchain/arm/arm-gnu-toolchain/bin/../lib/gcc/arm-none-eabi/6.3.1/thumb/v6-m/crtend.o
 .bss           0x00000000        0x0 c:/program files (x86)/atmel/studio/7.0/toolchain/arm/arm-gnu-toolchain/bin/../lib/gcc/arm-none-eabi/6.3.1/thumb/v6-m/crtend.o
 .eh_frame      0x00000000        0x4 c:/program files (x86)/atmel/studio/7.0/toolchain/arm/arm-gnu-toolchain/bin/../lib/gcc/arm-none-eabi/6.3.1/thumb/v6-m/crtend.o
 .jcr           0x00000000        0x4 c:/program files (x86)/atmel/studio/7.0/toolchain/arm/arm-gnu-toolchain/bin/../lib/gcc/arm-none-eabi/6.3.1/thumb/v6-m/crtend.o
 .ARM.attributes
                0x00000000       0x2c c:/program files (x86)/atmel/studio/7.0/toolchain/arm/arm-gnu-toolchain/bin/../lib/gcc/arm-none-eabi/6.3.1/thumb/v6-m/crtend.o
 .text          0x00000000        0x0 c:/program files (x86)/atmel/studio/7.0/toolchain/arm/arm-gnu-toolchain/bin/../lib/gcc/arm-none-eabi/6.3.1/thumb/v6-m/crtn.o
 .data          0x00000000        0x0 c:/program files (x86)/atmel/studio/7.0/toolchain/arm/arm-gnu-toolchain/bin/../lib/gcc/arm-none-eabi/6.3.1/thumb/v6-m/crtn.o
 .bss           0x00000000        0x0 c:/program files (x86)/atmel/studio/7.0/toolchain/arm/arm-gnu-toolchain/bin/../lib/gcc/arm-none-eabi/6.3.1/thumb/v6-m/crtn.o

Memory Configuration

Name             Origin             Length             Attributes
rom              0x00000000         0x00040000         xr
ram              0x20000000         0x00008000         xrw
*default*        0x00000000         0xffffffff

Linker script and memory map

LOAD c:/program files (x86)/atmel/studio/7.0/toolchain/arm/arm-gnu-toolchain/bin/../lib/gcc/arm-none-eabi/6.3.1/thumb/v6-m/crti.o
LOAD c:/program files (x86)/atmel/studio/7.0/toolchain/arm/arm-gnu-toolchain/bin/../lib/gcc/arm-none-eabi/6.3.1/thumb/v6-m/crtbegin.o
LOAD c:/program files (x86)/atmel/studio/7.0/toolchain/arm/arm-gnu-toolchain/bin/../lib/gcc/arm-none-eabi/6.3.1/../../../../arm-none-eabi/lib/thumb/v6-m/crt0.o
LOAD button.o
LOAD Device_Startup/startup_saml22.o
LOAD Device_Startup/system_saml22.o
LOAD led.o
LOAD main.o
LOAD uart.o
START GROUP
LOAD c:/program files (x86)/atmel/studio/7.0/toolchain/arm/arm-gnu-toolchain/bin/../lib/gcc/arm-none-eabi/6.3.1/../../../../arm-none-eabi/lib/thumb/v6-m\libm.a
END GROUP
START GROUP
LOAD c:/program files (x86)/atmel/studio/7.0/toolchain/arm/arm-gnu-toolchain/bin/../lib/gcc/arm-none-eabi/6.3.1/thumb/v6-m\libgcc.a
LOAD c:/program files (x86)/atmel/studio/7.0/toolchain/arm/arm-gnu-toolchain/bin/../lib/gcc/arm-none-eabi/6.3.1/../../../../arm-none-eabi/lib/thumb/v6-m\libc.a
END GROUP
LOAD c:/program files (x86)/atmel/studio/7.0/toolchain/arm/arm-gnu-toolchain/bin/../lib/gcc/arm-none-eabi/6.3.1/thumb/v6-m/crtend.o
LOAD c:/program files (x86)/atmel/studio/7.0/toolchain/arm/arm-gnu-toolchain/bin/../lib/gcc/arm-none-eabi/6.3.1/thumb/v6-m/crtn.o
                0x00002000                STACK_SIZE = DEFINED (STACK_SIZE)?STACK_SIZE:DEFINED (__stack_size__)?__stack_size__:0x2000

.text           0x00000000      0x398
                0x00000000                . = ALIGN (0x4)
                0x00000000                _sfixed = .
 *(.vectors .vectors.*)
 .vectors       0x00000000       0xa8 Device_Startup/startup_saml22.o
                0x00000000                exception_table
 *(.text .text.* .gnu.linkonce.t.*)
 .text          0x000000a8       0x60 c:/program files (x86)/atmel/studio/7.0/toolchain/arm/arm-gnu-toolchain/bin/../lib/gcc/arm-none-eabi/6.3.1/thumb/v6-m/crtbegin.o
 .text.BTN_Init
                0x00000108        0x2 button.o
                0x00000108                BTN_Init
 .text.Dummy_Handler
                0x0000010a        0x2 Device_Startup/startup_saml22.o
                0x0000010a                DMAC_Handler
                0x0000010a                TRNG_Handler
                0x0000010a                HardFault_Handler
                0x0000010a                TC2_Handler
                0x0000010a                AC_Handler
                0x0000010a                SysTick_Handler
                0x0000010a                PendSV_Handler
                0x0000010a                NMI_Handler
                0x0000010a                SERCOM1_Handler
                0x0000010a                ADC_Handler
                0x0000010a                SERCOM2_Handler
                0x0000010a                TCC0_Handler
                0x0000010a                RTC_Handler
                0x0000010a                EIC_Handler
                0x0000010a                WDT_Handler
                0x0000010a                TC1_Handler
                0x0000010a                USB_Handler
                0x0000010a                TC3_Handler
                0x0000010a                Dummy_Handler
                0x0000010a                SERCOM5_Handler
                0x0000010a                SVC_Handler
                0x0000010a                EVSYS_Handler
                0x0000010a                SERCOM3_Handler
                0x0000010a                SERCOM4_Handler
                0x0000010a                NVMCTRL_Handler
                0x0000010a                SYSTEM_Handler
                0x0000010a                SERCOM0_Handler
                0x0000010a                PTC_Handler
                0x0000010a                FREQM_Handler
                0x0000010a                TC0_Handler
                0x0000010a                SLCD_Handler
                0x0000010a                AES_Handler
 .text.Reset_Handler
                0x0000010c       0x88 Device_Startup/startup_saml22.o
                0x0000010c                Reset_Handler
 .text.SystemInit
                0x00000194       0x10 Device_Startup/system_saml22.o
                0x00000194                SystemInit
 .text.LED_Init
                0x000001a4        0x2 led.o
                0x000001a4                LED_Init
 *fill*         0x000001a6        0x2 
 .text.main     0x000001a8       0x24 main.o
                0x000001a8                main
 .text.UART_Init
                0x000001cc        0x2 uart.o
                0x000001cc                UART_Init
 *fill*         0x000001ce        0x2 
 .text.__libc_init_array
                0x000001d0       0x48 c:/program files (x86)/atmel/studio/7.0/toolchain/arm/arm-gnu-toolchain/bin/../lib/gcc/arm-none-eabi/6.3.1/../../../../arm-none-eabi/lib/thumb/v6-m\libc.a(lib_a-init.o)
                0x000001d0                __libc_init_array
 .text.startup.register_fini
                0x00000218       0x18 c:/program files (x86)/atmel/studio/7.0/toolchain/arm/arm-gnu-toolchain/bin/../lib/gcc/arm-none-eabi/6.3.1/../../../../arm-none-eabi/lib/thumb/v6-m\libc.a(lib_a-__call_atexit.o)
 .text.atexit   0x00000230       0x10 c:/program files (x86)/atmel/studio/7.0/toolchain/arm/arm-gnu-toolchain/bin/../lib/gcc/arm-none-eabi/6.3.1/../../../../arm-none-eabi/lib/thumb/v6-m\libc.a(lib_a-atexit.o)
                0x00000230                atexit
 .text.__libc_fini_array
                0x00000240       0x34 c:/program files (x86)/atmel/studio/7.0/toolchain/arm/arm-gnu-toolchain/bin/../lib/gcc/arm-none-eabi/6.3.1/../../../../arm-none-eabi/lib/thumb/v6-m\libc.a(lib_a-fini.o)
                0x00000240                __libc_fini_array
 .text.__retarget_lock_acquire_recursive
                0x00000274        0x4 c:/program files (x86)/atmel/studio/7.0/toolchain/arm/arm-gnu-toolchain/bin/../lib/gcc/arm-none-eabi/6.3.1/../../../../arm-none-eabi/lib/thumb/v6-m\libc.a(lib_a-lock.o)
                0x00000274                __retarget_lock_acquire_recursive
 .text.__retarget_lock_release_recursive
                0x00000278        0x4 c:/program files (x86)/atmel/studio/7.0/toolchain/arm/arm-gnu-toolchain/bin/../lib/gcc/arm-none-eabi/6.3.1/../../../../arm-none-eabi/lib/thumb/v6-m\libc.a(lib_a-lock.o)
                0x00000278                __retarget_lock_release_recursive
 .text.__register_exitproc
                0x0000027c       0xf4 c:/program files (x86)/atmel/studio/7.0/toolchain/arm/arm-gnu-toolchain/bin/../lib/gcc/arm-none-eabi/6.3.1/../../../../arm-none-eabi/lib/thumb/v6-m\libc.a(lib_a-__atexit.o)
                0x0000027c                __register_exitproc
 *(.glue_7t)
 .glue_7t       0x00000370        0x0 linker stubs
 *(.glue_7)
 .glue_7        0x00000370        0x0 linker stubs
 *(.rodata .rodata* .gnu.linkonce.r.*)
 .rodata._global_impure_ptr
                0x00000370        0x4 c:/program files (x86)/atmel/studio/7.0/toolchain/arm/arm-gnu-toolchain/bin/../lib/gcc/arm-none-eabi/6.3.1/../../../../arm-none-eabi/lib/thumb/v6-m\libc.a(lib_a-impure.o)
                0x00000370                _global_impure_ptr
 *(.ARM.extab* .gnu.linkonce.armextab.*)
                0x00000374                . = ALIGN (0x4)
 *(.init)
 .init          0x00000374        0x4 c:/program files (x86)/atmel/studio/7.0/toolchain/arm/arm-gnu-toolchain/bin/../lib/gcc/arm-none-eabi/6.3.1/thumb/v6-m/crti.o
                0x00000374                _init
 .init          0x00000378        0x8 c:/program files (x86)/atmel/studio/7.0/toolchain/arm/arm-gnu-toolchain/bin/../lib/gcc/arm-none-eabi/6.3.1/thumb/v6-m/crtn.o
                0x00000380                . = ALIGN (0x4)
                0x00000380                __preinit_array_start = .
 *(.preinit_array)
                0x00000380                __preinit_array_end = .
                0x00000380                . = ALIGN (0x4)
                0x00000380                __init_array_start = .
 *(SORT(.init_array.*))
 .init_array.00000
                0x00000380        0x4 c:/program files (x86)/atmel/studio/7.0/toolchain/arm/arm-gnu-toolchain/bin/../lib/gcc/arm-none-eabi/6.3.1/../../../../arm-none-eabi/lib/thumb/v6-m\libc.a(lib_a-__call_atexit.o)
 *(.init_array)
 .init_array    0x00000384        0x4 c:/program files (x86)/atmel/studio/7.0/toolchain/arm/arm-gnu-toolchain/bin/../lib/gcc/arm-none-eabi/6.3.1/thumb/v6-m/crtbegin.o
                0x00000388                __init_array_end = .
                0x00000388                . = ALIGN (0x4)
 *crtbegin.o(.ctors)
 *(EXCLUDE_FILE(*crtend.o) .ctors)
 *(SORT(.ctors.*))
 *crtend.o(.ctors)
                0x00000388                . = ALIGN (0x4)
 *(.fini)
 .fini          0x00000388        0x4 c:/program files (x86)/atmel/studio/7.0/toolchain/arm/arm-gnu-toolchain/bin/../lib/gcc/arm-none-eabi/6.3.1/thumb/v6-m/crti.o
                0x00000388                _fini
 .fini          0x0000038c        0x8 c:/program files (x86)/atmel/studio/7.0/toolchain/arm/arm-gnu-toolchain/bin/../lib/gcc/arm-none-eabi/6.3.1/thumb/v6-m/crtn.o
                0x00000394                . = ALIGN (0x4)
                0x00000394                __fini_array_start = .
 *(.fini_array)
 .fini_array    0x00000394        0x4 c:/program files (x86)/atmel/studio/7.0/toolchain/arm/arm-gnu-toolchain/bin/../lib/gcc/arm-none-eabi/6.3.1/thumb/v6-m/crtbegin.o
 *(SORT(.fini_array.*))
                0x00000398                __fini_array_end = .
 *crtbegin.o(.dtors)
 *(EXCLUDE_FILE(*crtend.o) .dtors)
 *(SORT(.dtors.*))
 *crtend.o(.dtors)
                0x00000398                . = ALIGN (0x4)
                0x00000398                _efixed = .
                [!provide]                PROVIDE (__exidx_start, .)

.vfp11_veneer   0x00000398        0x0
 .vfp11_veneer  0x00000398        0x0 linker stubs

.v4_bx          0x00000398        0x0
 .v4_bx         0x00000398        0x0 linker stubs

.iplt           0x00000398        0x0
 .iplt          0x00000398        0x0 c:/program files (x86)/atmel/studio/7.0/toolchain/arm/arm-gnu-toolchain/bin/../lib/gcc/arm-none-eabi/6.3.1/thumb/v6-m/crtbegin.o

.eh_frame       0x00000398        0x0
 .eh_frame      0x00000398        0x0 c:/program files (x86)/atmel/studio/7.0/toolchain/arm/arm-gnu-toolchain/bin/../lib/gcc/arm-none-eabi/6.3.1/thumb/v6-m/crtbegin.o

.rel.dyn        0x00000398        0x0
 .rel.iplt      0x00000398        0x0 c:/program files (x86)/atmel/studio/7.0/toolchain/arm/arm-gnu-toolchain/bin/../lib/gcc/arm-none-eabi/6.3.1/thumb/v6-m/crtbegin.o

.jcr            0x00000398        0x0
 .jcr           0x00000398        0x0 c:/program files (x86)/atmel/studio/7.0/toolchain/arm/arm-gnu-toolchain/bin/../lib/gcc/arm-none-eabi/6.3.1/thumb/v6-m/crtbegin.o

.igot.plt       0x00000398        0x0
 .igot.plt      0x00000398        0x0 c:/program files (x86)/atmel/studio/7.0/toolchain/arm/arm-gnu-toolchain/bin/../lib/gcc/arm-none-eabi/6.3.1/thumb/v6-m/crtbegin.o

.ARM.exidx
 *(.ARM.exidx* .gnu.linkonce.armexidx.*)
                [!provide]                PROVIDE (__exidx_end, .)
                0x00000398                . = ALIGN (0x4)
                0x00000398                _etext = .

.relocate       0x20000000      0x434 load address 0x00000398
                0x20000000                . = ALIGN (0x4)
                0x20000000                _srelocate = .
 *(.ramfunc .ramfunc.*)
 *(.data .data.*)
 .data          0x20000000        0x4 Device_Startup/system_saml22.o
                0x20000000                SystemCoreClock
 *fill*         0x20000004        0x4 
 .data.impure_data
                0x20000008      0x428 c:/program files (x86)/atmel/studio/7.0/toolchain/arm/arm-gnu-toolchain/bin/../lib/gcc/arm-none-eabi/6.3.1/../../../../arm-none-eabi/lib/thumb/v6-m\libc.a(lib_a-impure.o)
 .data.__atexit_recursive_mutex
                0x20000430        0x4 c:/program files (x86)/atmel/studio/7.0/toolchain/arm/arm-gnu-toolchain/bin/../lib/gcc/arm-none-eabi/6.3.1/../../../../arm-none-eabi/lib/thumb/v6-m\libc.a(lib_a-__call_atexit.o)
                0x20000430                __atexit_recursive_mutex
                0x20000434                . = ALIGN (0x4)
                0x20000434                _erelocate = .

.bss            0x20000434       0x40 load address 0x000007cc
                0x20000434                . = ALIGN (0x4)
                0x20000434                _sbss = .
                0x20000434                _szero = .
 *(.bss .bss.*)
 .bss           0x20000434       0x1c c:/program files (x86)/atmel/studio/7.0/toolchain/arm/arm-gnu-toolchain/bin/../lib/gcc/arm-none-eabi/6.3.1/thumb/v6-m/crtbegin.o
 *(COMMON)
 COMMON         0x20000450       0x21 c:/program files (x86)/atmel/studio/7.0/toolchain/arm/arm-gnu-toolchain/bin/../lib/gcc/arm-none-eabi/6.3.1/../../../../arm-none-eabi/lib/thumb/v6-m\libc.a(lib_a-lock.o)
                0x20000450                __lock___atexit_recursive_mutex
                0x20000454                __lock___arc4random_mutex
                0x20000458                __lock___env_recursive_mutex
                0x2000045c                __lock___sinit_recursive_mutex
                0x20000460                __lock___malloc_recursive_mutex
                0x20000464                __lock___at_quick_exit_mutex
                0x20000468                __lock___dd_hash_mutex
                0x2000046c                __lock___tz_mutex
                0x20000470                __lock___sfp_recursive_mutex
                0x20000474                . = ALIGN (0x4)
 *fill*         0x20000471        0x3 
                0x20000474                _ebss = .
                0x20000474                _ezero = .

.stack          0x20000474     0x2004 load address 0x0000080c
                0x20000478                . = ALIGN (0x8)
 *fill*         0x20000474        0x4 
                0x20000478                _sstack = .
                0x20002478                . = (. + STACK_SIZE)
 *fill*         0x20000478     0x2000 
                0x20002478                . = ALIGN (0x8)
                0x20002478                _estack = .
                0x20002478                . = ALIGN (0x4)
                0x20002478                _end = .
OUTPUT(NextCenturyProj.elf elf32-littlearm)

.ARM.attributes
                0x00000000       0x28
 .ARM.attributes
                0x00000000       0x1e c:/program files (x86)/atmel/studio/7.0/toolchain/arm/arm-gnu-toolchain/bin/../lib/gcc/arm-none-eabi/6.3.1/thumb/v6-m/crti.o
 .ARM.attributes
                0x0000001e       0x2c c:/program files (x86)/atmel/studio/7.0/toolchain/arm/arm-gnu-toolchain/bin/../lib/gcc/arm-none-eabi/6.3.1/thumb/v6-m/crtbegin.o
 .ARM.attributes
                0x0000004a       0x32 button.o
 .ARM.attributes
                0x0000007c       0x32 Device_Startup/startup_saml22.o
 .ARM.attributes
                0x000000ae       0x32 Device_Startup/system_saml22.o
 .ARM.attributes
                0x000000e0       0x32 led.o
 .ARM.attributes
                0x00000112       0x32 main.o
 .ARM.attributes
                0x00000144       0x32 uart.o
 .ARM.attributes
                0x00000176       0x2c c:/program files (x86)/atmel/studio/7.0/toolchain/arm/arm-gnu-toolchain/bin/../lib/gcc/arm-none-eabi/6.3.1/../../../../arm-none-eabi/lib/thumb/v6-m\libc.a(lib_a-impure.o)
 .ARM.attributes
                0x000001a2       0x2c c:/program files (x86)/atmel/studio/7.0/toolchain/arm/arm-gnu-toolchain/bin/../lib/gcc/arm-none-eabi/6.3.1/../../../../arm-none-eabi/lib/thumb/v6-m\libc.a(lib_a-init.o)
 .ARM.attributes
                0x000001ce       0x2c c:/program files (x86)/atmel/studio/7.0/toolchain/arm/arm-gnu-toolchain/bin/../lib/gcc/arm-none-eabi/6.3.1/../../../../arm-none-eabi/lib/thumb/v6-m\libc.a(lib_a-__call_atexit.o)
 .ARM.attributes
                0x000001fa       0x2c c:/program files (x86)/atmel/studio/7.0/toolchain/arm/arm-gnu-toolchain/bin/../lib/gcc/arm-none-eabi/6.3.1/../../../../arm-none-eabi/lib/thumb/v6-m\libc.a(lib_a-atexit.o)
 .ARM.attributes
                0x00000226       0x2c c:/program files (x86)/atmel/studio/7.0/toolchain/arm/arm-gnu-toolchain/bin/../lib/gcc/arm-none-eabi/6.3.1/../../../../arm-none-eabi/lib/thumb/v6-m\libc.a(lib_a-fini.o)
 .ARM.attributes
                0x00000252       0x2c c:/program files (x86)/atmel/studio/7.0/toolchain/arm/arm-gnu-toolchain/bin/../lib/gcc/arm-none-eabi/6.3.1/../../../../arm-none-eabi/lib/thumb/v6-m\libc.a(lib_a-lock.o)
 .ARM.attributes
                0x0000027e       0x2c c:/program files (x86)/atmel/studio/7.0/toolchain/arm/arm-gnu-toolchain/bin/../lib/gcc/arm-none-eabi/6.3.1/../../../../arm-none-eabi/lib/thumb/v6-m\libc.a(lib_a-__atexit.o)
 .ARM.attributes
                0x000002aa       0x1e c:/program files (x86)/atmel/studio/7.0/toolchain/arm/arm-gnu-toolchain/bin/../lib/gcc/arm-none-eabi/6.3.1/thumb/v6-m/crtn.o

.comment        0x00000000       0x59
 .comment       0x00000000       0x59 button.o
                                 0x5a (size before relaxing)
 .comment       0x00000059       0x5a Device_Startup/startup_saml22.o
 .comment       0x00000059       0x5a Device_Startup/system_saml22.o
 .comment       0x00000059       0x5a led.o
 .comment       0x00000059       0x5a main.o
 .comment       0x00000059       0x5a uart.o

.debug_info     0x00000000      0x914
 .debug_info    0x00000000       0xc1 button.o
 .debug_info    0x000000c1      0x4d7 Device_Startup/startup_saml22.o
 .debug_info    0x00000598       0xd5 Device_Startup/system_saml22.o
 .debug_info    0x0000066d       0xc6 led.o
 .debug_info    0x00000733      0x115 main.o
 .debug_info    0x00000848       0xcc uart.o

.debug_abbrev   0x00000000      0x397
 .debug_abbrev  0x00000000       0x65 button.o
 .debug_abbrev  0x00000065      0x14f Device_Startup/startup_saml22.o
 .debug_abbrev  0x000001b4       0x72 Device_Startup/system_saml22.o
 .debug_abbrev  0x00000226       0x65 led.o
 .debug_abbrev  0x0000028b       0x86 main.o
 .debug_abbrev  0x00000311       0x86 uart.o

.debug_aranges  0x00000000       0xe8
 .debug_aranges
                0x00000000       0x28 button.o
 .debug_aranges
                0x00000028       0x28 Device_Startup/startup_saml22.o
 .debug_aranges
                0x00000050       0x28 Device_Startup/system_saml22.o
 .debug_aranges
                0x00000078       0x28 led.o
 .debug_aranges
                0x000000a0       0x20 main.o
 .debug_aranges
                0x000000c0       0x28 uart.o

.debug_ranges   0x00000000       0x88
 .debug_ranges  0x00000000       0x18 button.o
 .debug_ranges  0x00000018       0x18 Device_Startup/startup_saml22.o
 .debug_ranges  0x00000030       0x18 Device_Startup/system_saml22.o
 .debug_ranges  0x00000048       0x18 led.o
 .debug_ranges  0x00000060       0x10 main.o
 .debug_ranges  0x00000070       0x18 uart.o

.debug_macro    0x00000000    0x14646
 .debug_macro   0x00000000       0x7c button.o
 .debug_macro   0x0000007c      0x89e button.o
 .debug_macro   0x0000091a       0x22 button.o
 .debug_macro   0x0000093c       0x87 button.o
 .debug_macro   0x000009c3       0x51 button.o
 .debug_macro   0x00000a14       0xef button.o
 .debug_macro   0x00000b03       0x6a button.o
 .debug_macro   0x00000b6d      0x1df button.o
 .debug_macro   0x00000d4c       0x34 button.o
 .debug_macro   0x00000d80      0x33d Device_Startup/startup_saml22.o
 .debug_macro   0x000010bd       0x40 Device_Startup/startup_saml22.o
 .debug_macro   0x000010fd       0x28 Device_Startup/startup_saml22.o
 .debug_macro   0x00001125       0x85 Device_Startup/startup_saml22.o
 .debug_macro   0x000011aa      0x49b Device_Startup/startup_saml22.o
 .debug_macro   0x00001645      0x714 Device_Startup/startup_saml22.o
 .debug_macro   0x00001d59      0x959 Device_Startup/startup_saml22.o
 .debug_macro   0x000026b2      0x279 Device_Startup/startup_saml22.o
 .debug_macro   0x0000292b      0x21e Device_Startup/startup_saml22.o
 .debug_macro   0x00002b49      0xe12 Device_Startup/startup_saml22.o
 .debug_macro   0x0000395b      0x5e7 Device_Startup/startup_saml22.o
 .debug_macro   0x00003f42      0x5be Device_Startup/startup_saml22.o
 .debug_macro   0x00004500      0x624 Device_Startup/startup_saml22.o
 .debug_macro   0x00004b24      0x172 Device_Startup/startup_saml22.o
 .debug_macro   0x00004c96      0x26b Device_Startup/startup_saml22.o
 .debug_macro   0x00004f01      0x459 Device_Startup/startup_saml22.o
 .debug_macro   0x0000535a      0x21c Device_Startup/startup_saml22.o
 .debug_macro   0x00005576      0x768 Device_Startup/startup_saml22.o
 .debug_macro   0x00005cde      0x7c0 Device_Startup/startup_saml22.o
 .debug_macro   0x0000649e      0x28e Device_Startup/startup_saml22.o
 .debug_macro   0x0000672c      0x5d7 Device_Startup/startup_saml22.o
 .debug_macro   0x00006d03      0x1c6 Device_Startup/startup_saml22.o
 .debug_macro   0x00006ec9      0x308 Device_Startup/startup_saml22.o
 .debug_macro   0x000071d1       0xac Device_Startup/startup_saml22.o
 .debug_macro   0x0000727d     0x1c53 Device_Startup/startup_saml22.o
 .debug_macro   0x00008ed0      0xff5 Device_Startup/startup_saml22.o
 .debug_macro   0x00009ec5      0xd41 Device_Startup/startup_saml22.o
 .debug_macro   0x0000ac06      0x874 Device_Startup/startup_saml22.o
 .debug_macro   0x0000b47a      0x8ae Device_Startup/startup_saml22.o
 .debug_macro   0x0000bd28     0x19be Device_Startup/startup_saml22.o
 .debug_macro   0x0000d6e6       0xe7 Device_Startup/startup_saml22.o
 .debug_macro   0x0000d7cd      0xb7c Device_Startup/startup_saml22.o
 .debug_macro   0x0000e349      0x36a Device_Startup/startup_saml22.o
 .debug_macro   0x0000e6b3       0x7c Device_Startup/startup_saml22.o
 .debug_macro   0x0000e72f       0xac Device_Startup/startup_saml22.o
 .debug_macro   0x0000e7db       0xca Device_Startup/startup_saml22.o
 .debug_macro   0x0000e8a5       0x4c Device_Startup/startup_saml22.o
 .debug_macro   0x0000e8f1       0xdc Device_Startup/startup_saml22.o
 .debug_macro   0x0000e9cd       0xb2 Device_Startup/startup_saml22.o
 .debug_macro   0x0000ea7f       0x64 Device_Startup/startup_saml22.o
 .debug_macro   0x0000eae3      0x444 Device_Startup/startup_saml22.o
 .debug_macro   0x0000ef27       0x4c Device_Startup/startup_saml22.o
 .debug_macro   0x0000ef73      0x149 Device_Startup/startup_saml22.o
 .debug_macro   0x0000f0bc       0x5e Device_Startup/startup_saml22.o
 .debug_macro   0x0000f11a       0xa0 Device_Startup/startup_saml22.o
 .debug_macro   0x0000f1ba       0xc4 Device_Startup/startup_saml22.o
 .debug_macro   0x0000f27e       0xb2 Device_Startup/startup_saml22.o
 .debug_macro   0x0000f330       0x4c Device_Startup/startup_saml22.o
 .debug_macro   0x0000f37c       0x64 Device_Startup/startup_saml22.o
 .debug_macro   0x0000f3e0       0x40 Device_Startup/startup_saml22.o
 .debug_macro   0x0000f420      0x1da Device_Startup/startup_saml22.o
 .debug_macro   0x0000f5fa       0x22 Device_Startup/startup_saml22.o
 .debug_macro   0x0000f61c      0x15e Device_Startup/startup_saml22.o
 .debug_macro   0x0000f77a      0x173 Device_Startup/startup_saml22.o
 .debug_macro   0x0000f8ed      0x173 Device_Startup/startup_saml22.o
 .debug_macro   0x0000fa60      0x173 Device_Startup/startup_saml22.o
 .debug_macro   0x0000fbd3      0x173 Device_Startup/startup_saml22.o
 .debug_macro   0x0000fd46      0x173 Device_Startup/startup_saml22.o
 .debug_macro   0x0000feb9      0x173 Device_Startup/startup_saml22.o
 .debug_macro   0x0001002c      0x11e Device_Startup/startup_saml22.o
 .debug_macro   0x0001014a       0x5e Device_Startup/startup_saml22.o
 .debug_macro   0x000101a8       0xfa Device_Startup/startup_saml22.o
 .debug_macro   0x000102a2       0xfa Device_Startup/startup_saml22.o
 .debug_macro   0x0001039c       0xfa Device_Startup/startup_saml22.o
 .debug_macro   0x00010496       0xfa Device_Startup/startup_saml22.o
 .debug_macro   0x00010590      0x124 Device_Startup/startup_saml22.o
 .debug_macro   0x000106b4       0x2e Device_Startup/startup_saml22.o
 .debug_macro   0x000106e2      0x1fa Device_Startup/startup_saml22.o
 .debug_macro   0x000108dc       0x3a Device_Startup/startup_saml22.o
 .debug_macro   0x00010916      0x402 Device_Startup/startup_saml22.o
 .debug_macro   0x00010d18     0x30ce Device_Startup/startup_saml22.o
 .debug_macro   0x00013de6       0x6d Device_Startup/startup_saml22.o
 .debug_macro   0x00013e53      0x343 Device_Startup/system_saml22.o
 .debug_macro   0x00014196       0x81 led.o
 .debug_macro   0x00014217       0x10 led.o
 .debug_macro   0x00014227      0x369 main.o
 .debug_macro   0x00014590       0x3a main.o
 .debug_macro   0x000145ca       0x7c uart.o

.debug_line     0x00000000     0x1c1c
 .debug_line    0x00000000      0x265 button.o
 .debug_line    0x00000265      0x709 Device_Startup/startup_saml22.o
 .debug_line    0x0000096e      0x6fb Device_Startup/system_saml22.o
 .debug_line    0x00001069      0x25a led.o
 .debug_line    0x000012c3      0x6fd main.o
 .debug_line    0x000019c0      0x25c uart.o

.debug_str      0x00000000    0x8056e
 .debug_str     0x00000000     0x32ea button.o
                               0x344e (size before relaxing)
 .debug_str     0x000032ea    0x7d187 Device_Startup/startup_saml22.o
                              0x80632 (size before relaxing)
 .debug_str     0x00080471       0x5c Device_Startup/system_saml22.o
                              0x802f1 (size before relaxing)
 .debug_str     0x000804cd       0x55 led.o
                               0x346d (size before relaxing)
 .debug_str     0x00080522       0x26 main.o
                              0x8037c (size before relaxing)
 .debug_str     0x00080548       0x26 uart.o
                               0x3439 (size before relaxing)

.debug_frame    0x00000000      0x2e0
 .debug_frame   0x00000000       0x30 button.o
 .debug_frame   0x00000030       0x38 Device_Startup/startup_saml22.o
 .debug_frame   0x00000068       0x30 Device_Startup/system_saml22.o
 .debug_frame   0x00000098       0x30 led.o
 .debug_frame   0x000000c8       0x28 main.o
 .debug_frame   0x000000f0       0x30 uart.o
 .debug_frame   0x00000120       0x2c c:/program files (x86)/atmel/studio/7.0/toolchain/arm/arm-gnu-toolchain/bin/../lib/gcc/arm-none-eabi/6.3.1/../../../../arm-none-eabi/lib/thumb/v6-m\libc.a(lib_a-init.o)
 .debug_frame   0x0000014c       0x54 c:/program files (x86)/atmel/studio/7.0/toolchain/arm/arm-gnu-toolchain/bin/../lib/gcc/arm-none-eabi/6.3.1/../../../../arm-none-eabi/lib/thumb/v6-m\libc.a(lib_a-__call_atexit.o)
 .debug_frame   0x000001a0       0x28 c:/program files (x86)/atmel/studio/7.0/toolchain/arm/arm-gnu-toolchain/bin/../lib/gcc/arm-none-eabi/6.3.1/../../../../arm-none-eabi/lib/thumb/v6-m\libc.a(lib_a-atexit.o)
 .debug_frame   0x000001c8       0x2c c:/program files (x86)/atmel/studio/7.0/toolchain/arm/arm-gnu-toolchain/bin/../lib/gcc/arm-none-eabi/6.3.1/../../../../arm-none-eabi/lib/thumb/v6-m\libc.a(lib_a-fini.o)
 .debug_frame   0x000001f4       0xb0 c:/program files (x86)/atmel/studio/7.0/toolchain/arm/arm-gnu-toolchain/bin/../lib/gcc/arm-none-eabi/6.3.1/../../../../arm-none-eabi/lib/thumb/v6-m\libc.a(lib_a-lock.o)
 .debug_frame   0x000002a4       0x3c c:/program files (x86)/atmel/studio/7.0/toolchain/arm/arm-gnu-toolchain/bin/../lib/gcc/arm-none-eabi/6.3.1/../../../../arm-none-eabi/lib/thumb/v6-m\libc.a(lib_a-__atexit.o)

.debug_loc      0x00000000       0x60
 .debug_loc     0x00000000       0x40 Device_Startup/startup_saml22.o
 .debug_loc     0x00000040       0x20 main.o
