Archive member included to satisfy reference by file (symbol)

c:/program files (x86)/atmel/studio/7.0/toolchain/arm/arm-gnu-toolchain/bin/../lib/gcc/arm-none-eabi/6.3.1/../../../../arm-none-eabi/lib/thumb/v6-m\libc.a(lib_a-exit.o)
                              c:/program files (x86)/atmel/studio/7.0/toolchain/arm/arm-gnu-toolchain/bin/../lib/gcc/arm-none-eabi/6.3.1/../../../../arm-none-eabi/lib/thumb/v6-m/crt0.o (exit)
c:/program files (x86)/atmel/studio/7.0/toolchain/arm/arm-gnu-toolchain/bin/../lib/gcc/arm-none-eabi/6.3.1/../../../../arm-none-eabi/lib/thumb/v6-m\libc.a(lib_a-impure.o)
                              c:/program files (x86)/atmel/studio/7.0/toolchain/arm/arm-gnu-toolchain/bin/../lib/gcc/arm-none-eabi/6.3.1/../../../../arm-none-eabi/lib/thumb/v6-m\libc.a(lib_a-exit.o) (_global_impure_ptr)
c:/program files (x86)/atmel/studio/7.0/toolchain/arm/arm-gnu-toolchain/bin/../lib/gcc/arm-none-eabi/6.3.1/../../../../arm-none-eabi/lib/thumb/v6-m\libc.a(lib_a-init.o)
                              c:/program files (x86)/atmel/studio/7.0/toolchain/arm/arm-gnu-toolchain/bin/../lib/gcc/arm-none-eabi/6.3.1/../../../../arm-none-eabi/lib/thumb/v6-m/crt0.o (__libc_init_array)
c:/program files (x86)/atmel/studio/7.0/toolchain/arm/arm-gnu-toolchain/bin/../lib/gcc/arm-none-eabi/6.3.1/../../../../arm-none-eabi/lib/thumb/v6-m\libc.a(lib_a-memset.o)
                              c:/program files (x86)/atmel/studio/7.0/toolchain/arm/arm-gnu-toolchain/bin/../lib/gcc/arm-none-eabi/6.3.1/../../../../arm-none-eabi/lib/thumb/v6-m/crt0.o (memset)
c:/program files (x86)/atmel/studio/7.0/toolchain/arm/arm-gnu-toolchain/bin/../lib/gcc/arm-none-eabi/6.3.1/../../../../arm-none-eabi/lib/thumb/v6-m\libc.a(lib_a-sprintf.o)
                              led.o (sprintf)
c:/program files (x86)/atmel/studio/7.0/toolchain/arm/arm-gnu-toolchain/bin/../lib/gcc/arm-none-eabi/6.3.1/../../../../arm-none-eabi/lib/thumb/v6-m\libc.a(lib_a-svfprintf.o)
                              c:/program files (x86)/atmel/studio/7.0/toolchain/arm/arm-gnu-toolchain/bin/../lib/gcc/arm-none-eabi/6.3.1/../../../../arm-none-eabi/lib/thumb/v6-m\libc.a(lib_a-sprintf.o) (_svfprintf_r)
c:/program files (x86)/atmel/studio/7.0/toolchain/arm/arm-gnu-toolchain/bin/../lib/gcc/arm-none-eabi/6.3.1/../../../../arm-none-eabi/lib/thumb/v6-m\libc.a(lib_a-__call_atexit.o)
                              c:/program files (x86)/atmel/studio/7.0/toolchain/arm/arm-gnu-toolchain/bin/../lib/gcc/arm-none-eabi/6.3.1/../../../../arm-none-eabi/lib/thumb/v6-m\libc.a(lib_a-exit.o) (__call_exitprocs)
c:/program files (x86)/atmel/studio/7.0/toolchain/arm/arm-gnu-toolchain/bin/../lib/gcc/arm-none-eabi/6.3.1/../../../../arm-none-eabi/lib/thumb/v6-m\libc.a(lib_a-atexit.o)
                              c:/program files (x86)/atmel/studio/7.0/toolchain/arm/arm-gnu-toolchain/bin/../lib/gcc/arm-none-eabi/6.3.1/../../../../arm-none-eabi/lib/thumb/v6-m\libc.a(lib_a-__call_atexit.o) (atexit)
c:/program files (x86)/atmel/studio/7.0/toolchain/arm/arm-gnu-toolchain/bin/../lib/gcc/arm-none-eabi/6.3.1/../../../../arm-none-eabi/lib/thumb/v6-m\libc.a(lib_a-dtoa.o)
                              c:/program files (x86)/atmel/studio/7.0/toolchain/arm/arm-gnu-toolchain/bin/../lib/gcc/arm-none-eabi/6.3.1/../../../../arm-none-eabi/lib/thumb/v6-m\libc.a(lib_a-svfprintf.o) (_dtoa_r)
c:/program files (x86)/atmel/studio/7.0/toolchain/arm/arm-gnu-toolchain/bin/../lib/gcc/arm-none-eabi/6.3.1/../../../../arm-none-eabi/lib/thumb/v6-m\libc.a(lib_a-fini.o)
                              c:/program files (x86)/atmel/studio/7.0/toolchain/arm/arm-gnu-toolchain/bin/../lib/gcc/arm-none-eabi/6.3.1/../../../../arm-none-eabi/lib/thumb/v6-m\libc.a(lib_a-__call_atexit.o) (__libc_fini_array)
c:/program files (x86)/atmel/studio/7.0/toolchain/arm/arm-gnu-toolchain/bin/../lib/gcc/arm-none-eabi/6.3.1/../../../../arm-none-eabi/lib/thumb/v6-m\libc.a(lib_a-localeconv.o)
                              c:/program files (x86)/atmel/studio/7.0/toolchain/arm/arm-gnu-toolchain/bin/../lib/gcc/arm-none-eabi/6.3.1/../../../../arm-none-eabi/lib/thumb/v6-m\libc.a(lib_a-svfprintf.o) (_localeconv_r)
c:/program files (x86)/atmel/studio/7.0/toolchain/arm/arm-gnu-toolchain/bin/../lib/gcc/arm-none-eabi/6.3.1/../../../../arm-none-eabi/lib/thumb/v6-m\libc.a(lib_a-lock.o)
                              c:/program files (x86)/atmel/studio/7.0/toolchain/arm/arm-gnu-toolchain/bin/../lib/gcc/arm-none-eabi/6.3.1/../../../../arm-none-eabi/lib/thumb/v6-m\libc.a(lib_a-__call_atexit.o) (__retarget_lock_acquire_recursive)
c:/program files (x86)/atmel/studio/7.0/toolchain/arm/arm-gnu-toolchain/bin/../lib/gcc/arm-none-eabi/6.3.1/../../../../arm-none-eabi/lib/thumb/v6-m\libc.a(lib_a-mallocr.o)
                              c:/program files (x86)/atmel/studio/7.0/toolchain/arm/arm-gnu-toolchain/bin/../lib/gcc/arm-none-eabi/6.3.1/../../../../arm-none-eabi/lib/thumb/v6-m\libc.a(lib_a-svfprintf.o) (_malloc_r)
[...]
Memory Configuration

Name             Origin             Length             Attributes
rom              0x00000000         0x00040000         xr
ram              0x20000000         0x00008000         xrw
*default*        0x00000000         0xffffffff

Linker script and memory map

LOAD c:/program files (x86)/atmel/studio/7.0/toolchain/arm/arm-gnu-toolchain/bin/../lib/gcc/arm-none-eabi/6.3.1/thumb/v6-m/crti.o
LOAD c:/program files (x86)/atmel/studio/7.0/toolchain/arm/arm-gnu-toolchain/bin/../lib/gcc/arm-none-eabi/6.3.1/thumb/v6-m/crtbegin.o
LOAD c:/program files (x86)/atmel/studio/7.0/toolchain/arm/arm-gnu-toolchain/bin/../lib/gcc/arm-none-eabi/6.3.1/../../../../arm-none-eabi/lib/thumb/v6-m/crt0.o
LOAD button.o
LOAD Device_Startup/startup_saml22.o
LOAD Device_Startup/system_saml22.o
LOAD led.o
LOAD main.o
LOAD uart.o
START GROUP
LOAD c:/program files (x86)/atmel/studio/7.0/toolchain/arm/arm-gnu-toolchain/bin/../lib/gcc/arm-none-eabi/6.3.1/../../../../arm-none-eabi/lib/thumb/v6-m\libm.a
END GROUP
START GROUP
LOAD c:/program files (x86)/atmel/studio/7.0/toolchain/arm/arm-gnu-toolchain/bin/../lib/gcc/arm-none-eabi/6.3.1/thumb/v6-m\libgcc.a
LOAD c:/program files (x86)/atmel/studio/7.0/toolchain/arm/arm-gnu-toolchain/bin/../lib/gcc/arm-none-eabi/6.3.1/../../../../arm-none-eabi/lib/thumb/v6-m\libc.a
END GROUP
LOAD c:/program files (x86)/atmel/studio/7.0/toolchain/arm/arm-gnu-toolchain/bin/../lib/gcc/arm-none-eabi/6.3.1/thumb/v6-m/crtend.o
LOAD c:/program files (x86)/atmel/studio/7.0/toolchain/arm/arm-gnu-toolchain/bin/../lib/gcc/arm-none-eabi/6.3.1/thumb/v6-m/crtn.o
                0x00002000                STACK_SIZE = DEFINED (STACK_SIZE)?STACK_SIZE:DEFINED (__stack_size__)?__stack_size__:0x2000

.text           0x00000000      0x398
                0x00000000                . = ALIGN (0x4)
                0x00000000                _sfixed = .
 *(.vectors .vectors.*)
 .vectors       0x00000000       0xa8 Device_Startup/startup_saml22.o
                0x00000000                exception_table
 *(.text .text.* .gnu.linkonce.t.*)
 .text          0x000000a8       0x60 c:/program files (x86)/atmel/studio/7.0/toolchain/arm/arm-gnu-toolchain/bin/../lib/gcc/arm-none-eabi/6.3.1/thumb/v6-m/crtbegin.o
 .text.BTN_Init
                0x00000108        0x2 button.o
                0x00000108                BTN_Init
 .text.Dummy_Handler
                0x0000010a        0x2 Device_Startup/startup_saml22.o
                0x0000010a                DMAC_Handler
                0x0000010a                TRNG_Handler
                0x0000010a                HardFault_Handler
                0x0000010a                TC2_Handler
                0x0000010a                AC_Handler
                0x0000010a                SysTick_Handler
                0x0000010a                PendSV_Handler
                0x0000010a                NMI_Handler
                0x0000010a                SERCOM1_Handler
                0x0000010a                ADC_Handler
                0x0000010a                SERCOM2_Handler
                0x0000010a                TCC0_Handler
                0x0000010a                RTC_Handler
                0x0000010a                EIC_Handler
                0x0000010a                WDT_Handler
                0x0000010a                TC1_Handler
                0x0000010a                USB_Handler
                0x0000010a                TC3_Handler
                0x0000010a                Dummy_Handler
                0x0000010a                SERCOM5_Handler
                0x0000010a                SVC_Handler
                0x0000010a                EVSYS_Handler
                0x0000010a                SERCOM3_Handler
                0x0000010a                SERCOM4_Handler
                0x0000010a                NVMCTRL_Handler
                0x0000010a                SYSTEM_Handler
                0x0000010a                SERCOM0_Handler
                0x0000010a                PTC_Handler
                0x0000010a                FREQM_Handler
                0x0000010a                TC0_Handler
                0x0000010a                SLCD_Handler
                0x0000010a                AES_Handler
 .text.Reset_Handler
                0x0000010c       0x88 Device_Startup/startup_saml22.o
                0x0000010c                Reset_Handler
 .text.SystemInit
                0x00000194       0x10 Device_Startup/system_saml22.o
                0x00000194                SystemInit
 .text.LED_Init
                0x000001a4        0x2 led.o
                0x000001a4                LED_Init
 *fill*         0x000001a6        0x2 
 .text.main     0x000001a8       0x24 main.o
                0x000001a8                main
 .text.UART_Init
                0x000001cc        0x2 uart.o
                0x000001cc                UART_Init
 *fill*         0x000001ce        0x2 
 .text.__libc_init_array
                0x000001d0       0x48 c:/program files (x86)/atmel/studio/7.0/toolchain/arm/arm-gnu-toolchain/bin/../lib/gcc/arm-none-eabi/6.3.1/../../../../arm-none-eabi/lib/thumb/v6-m\libc.a(lib_a-init.o)
                0x000001d0                __libc_init_array
 .text.startup.register_fini
                0x00000218       0x18 c:/program files (x86)/atmel/studio/7.0/toolchain/arm/arm-gnu-toolchain/bin/../lib/gcc/arm-none-eabi/6.3.1/../../../../arm-none-eabi/lib/thumb/v6-m\libc.a(lib_a-__call_atexit.o)
 .text.atexit   0x00000230       0x10 c:/program files (x86)/atmel/studio/7.0/toolchain/arm/arm-gnu-toolchain/bin/../lib/gcc/arm-none-eabi/6.3.1/../../../../arm-none-eabi/lib/thumb/v6-m\libc.a(lib_a-atexit.o)
                0x00000230                atexit
 .text.__libc_fini_array
                0x00000240       0x34 c:/program files (x86)/atmel/studio/7.0/toolchain/arm/arm-gnu-toolchain/bin/../lib/gcc/arm-none-eabi/6.3.1/../../../../arm-none-eabi/lib/thumb/v6-m\libc.a(lib_a-fini.o)
                0x00000240                __libc_fini_array
 .text.__retarget_lock_acquire_recursive
                0x00000274        0x4 c:/program files (x86)/atmel/studio/7.0/toolchain/arm/arm-gnu-toolchain/bin/../lib/gcc/arm-none-eabi/6.3.1/../../../../arm-none-eabi/lib/thumb/v6-m\libc.a(lib_a-lock.o)
                0x00000274                __retarget_lock_acquire_recursive
 .text.__retarget_lock_release_recursive
                0x00000278        0x4 c:/program files (x86)/atmel/studio/7.0/toolchain/arm/arm-gnu-toolchain/bin/../lib/gcc/arm-none-eabi/6.3.1/../../../../arm-none-eabi/lib/thumb/v6-m\libc.a(lib_a-lock.o)
                0x00000278                __retarget_lock_release_recursive
 .text.__register_exitproc
                0x0000027c       0xf4 c:/program files (x86)/atmel/studio/7.0/toolchain/arm/arm-gnu-toolchain/bin/../lib/gcc/arm-none-eabi/6.3.1/../../../../arm-none-eabi/lib/thumb/v6-m\libc.a(lib_a-__atexit.o)
                0x0000027c                __register_exitproc
 *(.glue_7t)
 .glue_7t       0x00000370        0x0 linker stubs
 *(.glue_7)
 .glue_7        0x00000370        0x0 linker stubs
 *(.rodata .rodata* .gnu.linkonce.r.*)
 .rodata._global_impure_ptr
                0x00000370        0x4 c:/program files (x86)/atmel/studio/7.0/toolchain/arm/arm-gnu-toolchain/bin/../lib/gcc/arm-none-eabi/6.3.1/../../../../arm-none-eabi/lib/thumb/v6-m\libc.a(lib_a-impure.o)
                0x00000370                _global_impure_ptr
 *(.ARM.extab* .gnu.linkonce.armextab.*)
                0x00000374                . = ALIGN (0x4)
 *(.init)
 .init          0x00000374        0x4 c:/program files (x86)/atmel/studio/7.0/toolchain/arm/arm-gnu-toolchain/bin/../lib/gcc/arm-none-eabi/6.3.1/thumb/v6-m/crti.o
                0x00000374                _init
 .init          0x00000378        0x8 c:/program files (x86)/atmel/studio/7.0/toolchain/arm/arm-gnu-toolchain/bin/../lib/gcc/arm-none-eabi/6.3.1/thumb/v6-m/crtn.o
                0x00000380                . = ALIGN (0x4)
                0x00000380                __preinit_array_start = .
 *(.preinit_array)
                0x00000380                __preinit_array_end = .
                0x00000380                . = ALIGN (0x4)
                0x00000380                __init_array_start = .
 *(SORT(.init_array.*))
 .init_array.00000
                0x00000380        0x4 c:/program files (x86)/atmel/studio/7.0/toolchain/arm/arm-gnu-toolchain/bin/../lib/gcc/arm-none-eabi/6.3.1/../../../../arm-none-eabi/lib/thumb/v6-m\libc.a(lib_a-__call_atexit.o)
 *(.init_array)
 .init_array    0x00000384        0x4 c:/program files (x86)/atmel/studio/7.0/toolchain/arm/arm-gnu-toolchain/bin/../lib/gcc/arm-none-eabi/6.3.1/thumb/v6-m/crtbegin.o
                0x00000388                __init_array_end = .
                0x00000388                . = ALIGN (0x4)
 *crtbegin.o(.ctors)
 *(EXCLUDE_FILE(*crtend.o) .ctors)
 *(SORT(.ctors.*))
 *crtend.o(.ctors)
                0x00000388                . = ALIGN (0x4)
 *(.fini)
 .fini          0x00000388        0x4 c:/program files (x86)/atmel/studio/7.0/toolchain/arm/arm-gnu-toolchain/bin/../lib/gcc/arm-none-eabi/6.3.1/thumb/v6-m/crti.o
                0x00000388                _fini
 .fini          0x0000038c        0x8 c:/program files (x86)/atmel/studio/7.0/toolchain/arm/arm-gnu-toolchain/bin/../lib/gcc/arm-none-eabi/6.3.1/thumb/v6-m/crtn.o
                0x00000394                . = ALIGN (0x4)
                0x00000394                __fini_array_start = .
 *(.fini_array)
 .fini_array    0x00000394        0x4 c:/program files (x86)/atmel/studio/7.0/toolchain/arm/arm-gnu-toolchain/bin/../lib/gcc/arm-none-eabi/6.3.1/thumb/v6-m/crtbegin.o
 *(SORT(.fini_array.*))
                0x00000398                __fini_array_end = .
 *crtbegin.o(.dtors)
 *(EXCLUDE_FILE(*crtend.o) .dtors)
 *(SORT(.dtors.*))
 *crtend.o(.dtors)
                0x00000398                . = ALIGN (0x4)
                0x00000398                _efixed = .
                [!provide]                PROVIDE (__exidx_start, .)

.vfp11_veneer   0x00000398        0x0
 .vfp11_veneer  0x00000398        0x0 linker stubs

.v4_bx          0x00000398        0x0
 .v4_bx         0x00000398        0x0 linker stubs

.iplt           0x00000398        0x0
 .iplt          0x00000398        0x0 c:/program files (x86)/atmel/studio/7.0/toolchain/arm/arm-gnu-toolchain/bin/../lib/gcc/arm-none-eabi/6.3.1/thumb/v6-m/crtbegin.o

.eh_frame       0x00000398        0x0
 .eh_frame      0x00000398        0x0 c:/program files (x86)/atmel/studio/7.0/toolchain/arm/arm-gnu-toolchain/bin/../lib/gcc/arm-none-eabi/6.3.1/thumb/v6-m/crtbegin.o

.rel.dyn        0x00000398        0x0
 .rel.iplt      0x00000398        0x0 c:/program files (x86)/atmel/studio/7.0/toolchain/arm/arm-gnu-toolchain/bin/../lib/gcc/arm-none-eabi/6.3.1/thumb/v6-m/crtbegin.o

.jcr            0x00000398        0x0
 .jcr           0x00000398        0x0 c:/program files (x86)/atmel/studio/7.0/toolchain/arm/arm-gnu-toolchain/bin/../lib/gcc/arm-none-eabi/6.3.1/thumb/v6-m/crtbegin.o

.igot.plt       0x00000398        0x0
 .igot.plt      0x00000398        0x0 c:/program files (x86)/atmel/studio/7.0/toolchain/arm/arm-gnu-toolchain/bin/../lib/gcc/arm-none-eabi/6.3.1/thumb/v6-m/crtbegin.o

.ARM.exidx
 *(.ARM.exidx* .gnu.linkonce.armexidx.*)
                [!provide]                PROVIDE (__exidx_end, .)
                0x00000398                . = ALIGN (0x4)
                0x00000398                _etext = .

.relocate       0x20000000      0x434 load address 0x00000398
                0x20000000                . = ALIGN (0x4)
                0x20000000                _srelocate = .
 *(.ramfunc .ramfunc.*)
 *(.data .data.*)
 .data          0x20000000        0x4 Device_Startup/system_saml22.o
                0x20000000                SystemCoreClock
 *fill*         0x20000004        0x4 
 .data.impure_data
                0x20000008      0x428 c:/program files (x86)/atmel/studio/7.0/toolchain/arm/arm-gnu-toolchain/bin/../lib/gcc/arm-none-eabi/6.3.1/../../../../arm-none-eabi/lib/thumb/v6-m\libc.a(lib_a-impure.o)
 .data.__atexit_recursive_mutex
                0x20000430        0x4 c:/program files (x86)/atmel/studio/7.0/toolchain/arm/arm-gnu-toolchain/bin/../lib/gcc/arm-none-eabi/6.3.1/../../../../arm-none-eabi/lib/thumb/v6-m\libc.a(lib_a-__call_atexit.o)
                0x20000430                __atexit_recursive_mutex
                0x20000434                . = ALIGN (0x4)
                0x20000434                _erelocate = .

.bss            0x20000434       0x40 load address 0x000007cc
                0x20000434                . = ALIGN (0x4)
                0x20000434                _sbss = .
                0x20000434                _szero = .
 *(.bss .bss.*)
 .bss           0x20000434       0x1c c:/program files (x86)/atmel/studio/7.0/toolchain/arm/arm-gnu-toolchain/bin/../lib/gcc/arm-none-eabi/6.3.1/thumb/v6-m/crtbegin.o
 *(COMMON)
 COMMON         0x20000450       0x21 c:/program files (x86)/atmel/studio/7.0/toolchain/arm/arm-gnu-toolchain/bin/../lib/gcc/arm-none-eabi/6.3.1/../../../../arm-none-eabi/lib/thumb/v6-m\libc.a(lib_a-lock.o)
                0x20000450                __lock___atexit_recursive_mutex
                0x20000454                __lock___arc4random_mutex
                0x20000458                __lock___env_recursive_mutex
                0x2000045c                __lock___sinit_recursive_mutex
                0x20000460                __lock___malloc_recursive_mutex
                0x20000464                __lock___at_quick_exit_mutex
                0x20000468                __lock___dd_hash_mutex
                0x2000046c                __lock___tz_mutex
                0x20000470                __lock___sfp_recursive_mutex
                0x20000474                . = ALIGN (0x4)
 *fill*         0x20000471        0x3 
                0x20000474                _ebss = .
                0x20000474                _ezero = .

.stack          0x20000474     0x2004 load address 0x0000080c
                0x20000478                . = ALIGN (0x8)
 *fill*         0x20000474        0x4 
                0x20000478                _sstack = .
                0x20002478                . = (. + STACK_SIZE)
 *fill*         0x20000478     0x2000 
                0x20002478                . = ALIGN (0x8)
                0x20002478                _estack = .
                0x20002478                . = ALIGN (0x4)
                0x20002478                _end = .
OUTPUT(NextCenturyProj.elf elf32-littlearm)

.ARM.attributes
                0x00000000       0x28
 .ARM.attributes
                0x00000000       0x1e c:/program files (x86)/atmel/studio/7.0/toolchain/arm/arm-gnu-toolchain/bin/../lib/gcc/arm-none-eabi/6.3.1/thumb/v6-m/crti.o
 .ARM.attributes
                0x0000001e       0x2c c:/program files (x86)/atmel/studio/7.0/toolchain/arm/arm-gnu-toolchain/bin/../lib/gcc/arm-none-eabi/6.3.1/thumb/v6-m/crtbegin.o
 .ARM.attributes
                0x0000004a       0x32 button.o
 .ARM.attributes
                0x0000007c       0x32 Device_Startup/startup_saml22.o
 .ARM.attributes
                0x000000ae       0x32 Device_Startup/system_saml22.o
 .ARM.attributes
                0x000000e0       0x32 led.o
 .ARM.attributes
                0x00000112       0x32 main.o
 .ARM.attributes
                0x00000144       0x32 uart.o
 .ARM.attributes
                0x00000176       0x2c c:/program files (x86)/atmel/studio/7.0/toolchain/arm/arm-gnu-toolchain/bin/../lib/gcc/arm-none-eabi/6.3.1/../../../../arm-none-eabi/lib/thumb/v6-m\libc.a(lib_a-impure.o)
 .ARM.attributes
                0x000001a2       0x2c c:/program files (x86)/atmel/studio/7.0/toolchain/arm/arm-gnu-toolchain/bin/../lib/gcc/arm-none-eabi/6.3.1/../../../../arm-none-eabi/lib/thumb/v6-m\libc.a(lib_a-init.o)
 .ARM.attributes
                0x000001ce       0x2c c:/program files (x86)/atmel/studio/7.0/toolchain/arm/arm-gnu-toolchain/bin/../lib/gcc/arm-none-eabi/6.3.1/../../../../arm-none-eabi/lib/thumb/v6-m\libc.a(lib_a-__call_atexit.o)
 .ARM.attributes
                0x000001fa       0x2c c:/program files (x86)/atmel/studio/7.0/toolchain/arm/arm-gnu-toolchain/bin/../lib/gcc/arm-none-eabi/6.3.1/../../../../arm-none-eabi/lib/thumb/v6-m\libc.a(lib_a-atexit.o)
 .ARM.attributes
                0x00000226       0x2c c:/program files (x86)/atmel/studio/7.0/toolchain/arm/arm-gnu-toolchain/bin/../lib/gcc/arm-none-eabi/6.3.1/../../../../arm-none-eabi/lib/thumb/v6-m\libc.a(lib_a-fini.o)
 .ARM.attributes
                0x00000252       0x2c c:/program files (x86)/atmel/studio/7.0/toolchain/arm/arm-gnu-toolchain/bin/../lib/gcc/arm-none-eabi/6.3.1/../../../../arm-none-eabi/lib/thumb/v6-m\libc.a(lib_a-lock.o)
 .ARM.attributes
                0x0000027e       0x2c c:/program files (x86)/atmel/studio/7.0/toolchain/arm/arm-gnu-toolchain/bin/../lib/gcc/arm-none-eabi/6.3.1/../../../../arm-none-eabi/lib/thumb/v6-m\libc.a(lib_a-__atexit.o)
 .ARM.attributes
                0x000002aa       0x1e c:/program files (x86)/atmel/studio/7.0/toolchain/arm/arm-gnu-toolchain/bin/../lib/gcc/arm-none-eabi/6.3.1/thumb/v6-m/crtn.o

.comment        0x00000000       0x59
 .comment       0x00000000       0x59 button.o
                                 0x5a (size before relaxing)
 .comment       0x00000059       0x5a Device_Startup/startup_saml22.o
 .comment       0x00000059       0x5a Device_Startup/system_saml22.o
 .comment       0x00000059       0x5a led.o
 .comment       0x00000059       0x5a main.o
 .comment       0x00000059       0x5a uart.o

.debug_info     0x00000000     0x12c3
 .debug_info    0x00000000       0xba button.o
 .debug_info    0x000000ba      0x4d7 Device_Startup/startup_saml22.o
 .debug_info    0x00000591       0xd5 Device_Startup/system_saml22.o
 .debug_info    0x00000666      0xa7c led.o
 .debug_info    0x000010e2      0x115 main.o
 .debug_info    0x000011f7       0xcc uart.o

.debug_abbrev   0x00000000      0x53c
 .debug_abbrev  0x00000000       0x7e button.o
 .debug_abbrev  0x0000007e      0x14f Device_Startup/startup_saml22.o
 .debug_abbrev  0x000001cd       0x72 Device_Startup/system_saml22.o
 .debug_abbrev  0x0000023f      0x1f1 led.o
 .debug_abbrev  0x00000430       0x86 main.o
 .debug_abbrev  0x000004b6       0x86 uart.o

.debug_loc      0x00000000       0xa0
 .debug_loc     0x00000000       0x20 button.o
 .debug_loc     0x00000020       0x40 Device_Startup/startup_saml22.o
 .debug_loc     0x00000060       0x20 led.o
 .debug_loc     0x00000080       0x20 main.o

.debug_aranges  0x00000000       0xf0
 .debug_aranges
                0x00000000       0x28 button.o
 .debug_aranges
                0x00000028       0x28 Device_Startup/startup_saml22.o
 .debug_aranges
                0x00000050       0x28 Device_Startup/system_saml22.o
 .debug_aranges
                0x00000078       0x30 led.o
 .debug_aranges
                0x000000a8       0x20 main.o
 .debug_aranges
                0x000000c8       0x28 uart.o

.debug_ranges   0x00000000       0x90
 .debug_ranges  0x00000000       0x18 button.o
 .debug_ranges  0x00000018       0x18 Device_Startup/startup_saml22.o
 .debug_ranges  0x00000030       0x18 Device_Startup/system_saml22.o
 .debug_ranges  0x00000048       0x20 led.o
 .debug_ranges  0x00000068       0x10 main.o
 .debug_ranges  0x00000078       0x18 uart.o

.debug_macro    0x00000000    0x15416
 .debug_macro   0x00000000       0x86 button.o
 .debug_macro   0x00000086      0x89e button.o
 .debug_macro   0x00000924       0x22 button.o
 .debug_macro   0x00000946       0x87 button.o
 .debug_macro   0x000009cd       0x51 button.o
 .debug_macro   0x00000a1e       0xef button.o
 .debug_macro   0x00000b0d       0x6a button.o
 .debug_macro   0x00000b77      0x1df button.o
 .debug_macro   0x00000d56       0x46 button.o
 .debug_macro   0x00000d9c      0x33d Device_Startup/startup_saml22.o
 .debug_macro   0x000010d9       0x40 Device_Startup/startup_saml22.o
 .debug_macro   0x00001119       0x28 Device_Startup/startup_saml22.o
 .debug_macro   0x00001141       0x85 Device_Startup/startup_saml22.o
 .debug_macro   0x000011c6      0x49b Device_Startup/startup_saml22.o
 .debug_macro   0x00001661      0x714 Device_Startup/startup_saml22.o
 .debug_macro   0x00001d75      0x959 Device_Startup/startup_saml22.o
 .debug_macro   0x000026ce      0x279 Device_Startup/startup_saml22.o
 .debug_macro   0x00002947      0x21e Device_Startup/startup_saml22.o
 .debug_macro   0x00002b65      0xe12 Device_Startup/startup_saml22.o
 .debug_macro   0x00003977      0x5e7 Device_Startup/startup_saml22.o
 .debug_macro   0x00003f5e      0x5be Device_Startup/startup_saml22.o
 .debug_macro   0x0000451c      0x624 Device_Startup/startup_saml22.o
 .debug_macro   0x00004b40      0x172 Device_Startup/startup_saml22.o
 .debug_macro   0x00004cb2      0x26b Device_Startup/startup_saml22.o
 .debug_macro   0x00004f1d      0x459 Device_Startup/startup_saml22.o
 .debug_macro   0x00005376      0x21c Device_Startup/startup_saml22.o
 .debug_macro   0x00005592      0x768 Device_Startup/startup_saml22.o
 .debug_macro   0x00005cfa      0x7c0 Device_Startup/startup_saml22.o
 .debug_macro   0x000064ba      0x28e Device_Startup/startup_saml22.o
 .debug_macro   0x00006748      0x5d7 Device_Startup/startup_saml22.o
 .debug_macro   0x00006d1f      0x1c6 Device_Startup/startup_saml22.o
 .debug_macro   0x00006ee5      0x308 Device_Startup/startup_saml22.o
 .debug_macro   0x000071ed       0xac Device_Startup/startup_saml22.o
 .debug_macro   0x00007299     0x1c53 Device_Startup/startup_saml22.o
 .debug_macro   0x00008eec      0xff5 Device_Startup/startup_saml22.o
 .debug_macro   0x00009ee1      0xd41 Device_Startup/startup_saml22.o
 .debug_macro   0x0000ac22      0x874 Device_Startup/startup_saml22.o
 .debug_macro   0x0000b496      0x8ae Device_Startup/startup_saml22.o
 .debug_macro   0x0000bd44     0x19be Device_Startup/startup_saml22.o
 .debug_macro   0x0000d702       0xe7 Device_Startup/startup_saml22.o
 .debug_macro   0x0000d7e9      0xb7c Device_Startup/startup_saml22.o
 .debug_macro   0x0000e365      0x36a Device_Startup/startup_saml22.o
 .debug_macro   0x0000e6cf       0x7c Device_Startup/startup_saml22.o
 .debug_macro   0x0000e74b       0xac Device_Startup/startup_saml22.o
 .debug_macro   0x0000e7f7       0xca Device_Startup/startup_saml22.o
 .debug_macro   0x0000e8c1       0x4c Device_Startup/startup_saml22.o
 .debug_macro   0x0000e90d       0xdc Device_Startup/startup_saml22.o
 .debug_macro   0x0000e9e9       0xb2 Device_Startup/startup_saml22.o
 .debug_macro   0x0000ea9b       0x64 Device_Startup/startup_saml22.o
 .debug_macro   0x0000eaff      0x444 Device_Startup/startup_saml22.o
 .debug_macro   0x0000ef43       0x4c Device_Startup/startup_saml22.o
 .debug_macro   0x0000ef8f      0x149 Device_Startup/startup_saml22.o
 .debug_macro   0x0000f0d8       0x5e Device_Startup/startup_saml22.o
 .debug_macro   0x0000f136       0xa0 Device_Startup/startup_saml22.o
 .debug_macro   0x0000f1d6       0xc4 Device_Startup/startup_saml22.o
 .debug_macro   0x0000f29a       0xb2 Device_Startup/startup_saml22.o
 .debug_macro   0x0000f34c       0x4c Device_Startup/startup_saml22.o
 .debug_macro   0x0000f398       0x64 Device_Startup/startup_saml22.o
 .debug_macro   0x0000f3fc       0x40 Device_Startup/startup_saml22.o
 .debug_macro   0x0000f43c      0x1da Device_Startup/startup_saml22.o
 .debug_macro   0x0000f616       0x22 Device_Startup/startup_saml22.o
 .debug_macro   0x0000f638      0x15e Device_Startup/startup_saml22.o
 .debug_macro   0x0000f796      0x173 Device_Startup/startup_saml22.o
 .debug_macro   0x0000f909      0x173 Device_Startup/startup_saml22.o
 .debug_macro   0x0000fa7c      0x173 Device_Startup/startup_saml22.o
 .debug_macro   0x0000fbef      0x173 Device_Startup/startup_saml22.o
 .debug_macro   0x0000fd62      0x173 Device_Startup/startup_saml22.o
 .debug_macro   0x0000fed5      0x173 Device_Startup/startup_saml22.o
 .debug_macro   0x00010048      0x11e Device_Startup/startup_saml22.o
 .debug_macro   0x00010166       0x5e Device_Startup/startup_saml22.o
 .debug_macro   0x000101c4       0xfa Device_Startup/startup_saml22.o
 .debug_macro   0x000102be       0xfa Device_Startup/startup_saml22.o
 .debug_macro   0x000103b8       0xfa Device_Startup/startup_saml22.o
 .debug_macro   0x000104b2       0xfa Device_Startup/startup_saml22.o
 .debug_macro   0x000105ac      0x124 Device_Startup/startup_saml22.o
 .debug_macro   0x000106d0       0x2e Device_Startup/startup_saml22.o
 .debug_macro   0x000106fe      0x1fa Device_Startup/startup_saml22.o
 .debug_macro   0x000108f8       0x3a Device_Startup/startup_saml22.o
 .debug_macro   0x00010932      0x402 Device_Startup/startup_saml22.o
 .debug_macro   0x00010d34     0x30ce Device_Startup/startup_saml22.o
 .debug_macro   0x00013e02       0x6d Device_Startup/startup_saml22.o
 .debug_macro   0x00013e6f      0x343 Device_Startup/system_saml22.o
 .debug_macro   0x000141b2      0x1dc led.o
 .debug_macro   0x0001438e       0x1c led.o
 .debug_macro   0x000143aa       0x16 led.o
 .debug_macro   0x000143c0       0x58 led.o
 .debug_macro   0x00014418       0x35 led.o
 .debug_macro   0x0001444d       0x9c led.o
 .debug_macro   0x000144e9       0x16 led.o
 .debug_macro   0x000144ff       0x97 led.o
 .debug_macro   0x00014596      0x353 led.o
 .debug_macro   0x000148e9       0xf6 led.o
 .debug_macro   0x000149df       0x10 led.o
 .debug_macro   0x000149ef       0x58 led.o
 .debug_macro   0x00014a47       0x1f led.o
 .debug_macro   0x00014a66       0x43 led.o
 .debug_macro   0x00014aa9       0x20 led.o
 .debug_macro   0x00014ac9      0x187 led.o
 .debug_macro   0x00014c50       0x10 led.o
 .debug_macro   0x00014c60       0x1c led.o
 .debug_macro   0x00014c7c       0x52 led.o
 .debug_macro   0x00014cce       0x40 led.o
 .debug_macro   0x00014d0e       0x10 led.o
 .debug_macro   0x00014d1e       0x40 led.o
 .debug_macro   0x00014d5e       0xd7 led.o
 .debug_macro   0x00014e35       0x16 led.o
 .debug_macro   0x00014e4b      0x18b led.o
 .debug_macro   0x00014fd6      0x363 main.o
 .debug_macro   0x00015339       0x4c main.o
 .debug_macro   0x00015385       0x81 uart.o
 .debug_macro   0x00015406       0x10 uart.o

.debug_line     0x00000000     0x1d80
 .debug_line    0x00000000      0x26a button.o
 .debug_line    0x0000026a      0x709 Device_Startup/startup_saml22.o
 .debug_line    0x00000973      0x6fb Device_Startup/system_saml22.o
 .debug_line    0x0000106e      0x3b9 led.o
 .debug_line    0x00001427      0x6fd main.o
 .debug_line    0x00001b24      0x25c uart.o

.debug_str      0x00000000    0x84683
 .debug_str     0x00000000     0x3301 button.o
                               0x346b (size before relaxing)
 .debug_str     0x00003301    0x7d192 Device_Startup/startup_saml22.o
                              0x80637 (size before relaxing)
 .debug_str     0x00080493       0x5c Device_Startup/system_saml22.o
                              0x802f6 (size before relaxing)
 .debug_str     0x000804ef     0x416b led.o
                               0x7689 (size before relaxing)
 .debug_str     0x0008465a       0x1d main.o
                              0x803af (size before relaxing)
 .debug_str     0x00084677        0xc uart.o
                               0x3491 (size before relaxing)

.debug_frame    0x00000000      0x300
 .debug_frame   0x00000000       0x38 button.o
 .debug_frame   0x00000038       0x38 Device_Startup/startup_saml22.o
 .debug_frame   0x00000070       0x30 Device_Startup/system_saml22.o
 .debug_frame   0x000000a0       0x48 led.o
 .debug_frame   0x000000e8       0x28 main.o
 .debug_frame   0x00000110       0x30 uart.o
 .debug_frame   0x00000140       0x2c c:/program files (x86)/atmel/studio/7.0/toolchain/arm/arm-gnu-toolchain/bin/../lib/gcc/arm-none-eabi/6.3.1/../../../../arm-none-eabi/lib/thumb/v6-m\libc.a(lib_a-init.o)
 .debug_frame   0x0000016c       0x54 c:/program files (x86)/atmel/studio/7.0/toolchain/arm/arm-gnu-toolchain/bin/../lib/gcc/arm-none-eabi/6.3.1/../../../../arm-none-eabi/lib/thumb/v6-m\libc.a(lib_a-__call_atexit.o)
 .debug_frame   0x000001c0       0x28 c:/program files (x86)/atmel/studio/7.0/toolchain/arm/arm-gnu-toolchain/bin/../lib/gcc/arm-none-eabi/6.3.1/../../../../arm-none-eabi/lib/thumb/v6-m\libc.a(lib_a-atexit.o)
 .debug_frame   0x000001e8       0x2c c:/program files (x86)/atmel/studio/7.0/toolchain/arm/arm-gnu-toolchain/bin/../lib/gcc/arm-none-eabi/6.3.1/../../../../arm-none-eabi/lib/thumb/v6-m\libc.a(lib_a-fini.o)
 .debug_frame   0x00000214       0xb0 c:/program files (x86)/atmel/studio/7.0/toolchain/arm/arm-gnu-toolchain/bin/../lib/gcc/arm-none-eabi/6.3.1/../../../../arm-none-eabi/lib/thumb/v6-m\libc.a(lib_a-lock.o)
 .debug_frame   0x000002c4       0x3c c:/program files (x86)/atmel/studio/7.0/toolchain/arm/arm-gnu-toolchain/bin/../lib/gcc/arm-none-eabi/6.3.1/../../../../arm-none-eabi/lib/thumb/v6-m\libc.a(lib_a-__atexit.o)
